<!doctype html public "-//w3c//dtd html 4.0 transitional//en">
<html><head>
<title>Static Call Graph - [.\Obj\lcd_16x2.axf]</title></head>
<body><HR>
<H1>Static Call Graph for image .\Obj\lcd_16x2.axf</H1><HR>
<BR><P>#&#060CALLGRAPH&#062# ARM Linker, RVCT4.0 [Build 524]: Last Updated: Sun Jan 16 23:48:04 2011
<BR><P>
<H3>Maximum Stack Usage =         92 bytes + Unknown(Untraceable Function Pointers)</H3><H3>
Call chain for Maximum Stack Depth:</H3>
main &rArr; lcd_GotoXY &rArr; lcd_Control_Write &rArr; lcd_Busy_Wait &rArr; lcd_data_line_read &rArr; lcd_data_line_conf &rArr; GPIO_Init
<P>
<H3>
Function Pointers
</H3><UL>
 <LI><a href="#[b60d20]">Reset_Handler</a>
 <LI><a href="#[b68cdc]">NMI_Handler</a>
 <LI><a href="#[b68c28]">HardFault_Handler</a>
 <LI><a href="#[b68bec]">MemManage_Handler</a>
 <LI><a href="#[b68bb0]">BusFault_Handler</a>
 <LI><a href="#[b68b74]">UsageFault_Handler</a>
 <LI><a href="#[b68afc]">SVC_Handler</a>
 <LI><a href="#[b68b38]">DebugMon_Handler</a>
 <LI><a href="#[b68ac0]">PendSV_Handler</a>
 <LI><a href="#[b68a84]">SysTick_Handler</a>
 <LI><a href="#[b68a48]">WWDG_IRQHandler</a>
 <LI><a href="#[b68a0c]">PVD_IRQHandler</a>
 <LI><a href="#[b689d0]">TAMPER_IRQHandler</a>
 <LI><a href="#[b68994]">RTC_IRQHandler</a>
 <LI><a href="#[b68958]">FLASH_IRQHandler</a>
 <LI><a href="#[b6891c]">RCC_IRQHandler</a>
 <LI><a href="#[b688e0]">EXTI0_IRQHandler</a>
 <LI><a href="#[b688a4]">EXTI1_IRQHandler</a>
 <LI><a href="#[b68868]">EXTI2_IRQHandler</a>
 <LI><a href="#[b6882c]">EXTI3_IRQHandler</a>
 <LI><a href="#[b687f0]">EXTI4_IRQHandler</a>
 <LI><a href="#[b609d8]">DMA1_Channel1_IRQHandler</a>
 <LI><a href="#[b6099c]">DMA1_Channel2_IRQHandler</a>
 <LI><a href="#[b60960]">DMA1_Channel3_IRQHandler</a>
 <LI><a href="#[b60924]">DMA1_Channel4_IRQHandler</a>
 <LI><a href="#[b608e8]">DMA1_Channel5_IRQHandler</a>
 <LI><a href="#[b608ac]">DMA1_Channel6_IRQHandler</a>
 <LI><a href="#[b60870]">DMA1_Channel7_IRQHandler</a>
 <LI><a href="#[b687b4]">ADC1_2_IRQHandler</a>
 <LI><a href="#[b5fd6c]">USB_HP_CAN1_TX_IRQHandler</a>
 <LI><a href="#[b5fd30]">USB_LP_CAN1_RX0_IRQHandler</a>
 <LI><a href="#[b60a50]">CAN1_RX1_IRQHandler</a>
 <LI><a href="#[b60a14]">CAN1_SCE_IRQHandler</a>
 <LI><a href="#[b68778]">EXTI9_5_IRQHandler</a>
 <LI><a href="#[b6873c]">TIM1_BRK_IRQHandler</a>
 <LI><a href="#[b68700]">TIM1_UP_IRQHandler</a>
 <LI><a href="#[b686c4]">TIM1_TRG_COM_IRQHandler</a>
 <LI><a href="#[b68688]">TIM1_CC_IRQHandler</a>
 <LI><a href="#[b6864c]">TIM2_IRQHandler</a>
 <LI><a href="#[b68610]">TIM3_IRQHandler</a>
 <LI><a href="#[b685d4]">TIM4_IRQHandler</a>
 <LI><a href="#[b68598]">I2C1_EV_IRQHandler</a>
 <LI><a href="#[b6855c]">I2C1_ER_IRQHandler</a>
 <LI><a href="#[b68520]">I2C2_EV_IRQHandler</a>
 <LI><a href="#[b684e4]">I2C2_ER_IRQHandler</a>
 <LI><a href="#[b684a8]">SPI1_IRQHandler</a>
 <LI><a href="#[b6846c]">SPI2_IRQHandler</a>
 <LI><a href="#[b68430]">USART1_IRQHandler</a>
 <LI><a href="#[b683f4]">USART2_IRQHandler</a>
 <LI><a href="#[b683b8]">USART3_IRQHandler</a>
 <LI><a href="#[b6837c]">EXTI15_10_IRQHandler</a>
 <LI><a href="#[b68340]">RTCAlarm_IRQHandler</a>
 <LI><a href="#[b68304]">USBWakeUp_IRQHandler</a>
 <LI><a href="#[b682c8]">TIM8_BRK_IRQHandler</a>
 <LI><a href="#[b6828c]">TIM8_UP_IRQHandler</a>
 <LI><a href="#[b68250]">TIM8_TRG_COM_IRQHandler</a>
 <LI><a href="#[b68214]">TIM8_CC_IRQHandler</a>
 <LI><a href="#[b681d8]">ADC3_IRQHandler</a>
 <LI><a href="#[b6819c]">FSMC_IRQHandler</a>
 <LI><a href="#[b68160]">SDIO_IRQHandler</a>
 <LI><a href="#[b68124]">TIM5_IRQHandler</a>
 <LI><a href="#[b680e8]">SPI3_IRQHandler</a>
 <LI><a href="#[b680ac]">UART4_IRQHandler</a>
 <LI><a href="#[b68070]">UART5_IRQHandler</a>
 <LI><a href="#[b68034]">TIM6_IRQHandler</a>
 <LI><a href="#[b67ff8]">TIM7_IRQHandler</a>
 <LI><a href="#[b67fbc]">DMA2_Channel1_IRQHandler</a>
 <LI><a href="#[b67f80]">DMA2_Channel2_IRQHandler</a>
 <LI><a href="#[b67f44]">DMA2_Channel3_IRQHandler</a>
 <LI><a href="#[b67f08]">DMA2_Channel4_5_IRQHandler</a>
 <LI><a href="#[b6aa28]">main</a>
 <LI><a href="#[b610e0]">SystemInit</a>
 <LI><a href="#[b5fbc8]">__main</a>
 <LI><a href="#[b69768]">fputc</a>
</UL>
<P>
<H3>
Global Symbols
</H3>
<P><STRONG><a name="[b5fbc8]"></a>__main</STRONG> (Thumb, 0 bytes, Stack size unknown bytes, entry.o(.ARM.Collect$$$$00000000))
<BR>[Address Reference Count : 1]<UL><LI> startup_stm32f10x_hd.o(.text)
</UL>
<P><STRONG><a name="[164858c]"></a>_main_stk</STRONG> (Thumb, 0 bytes, Stack size unknown bytes, entry2.o(.ARM.Collect$$$$00000001))

<P><STRONG><a name="[1648460]"></a>_main_scatterload</STRONG> (Thumb, 0 bytes, Stack size unknown bytes, entry5.o(.ARM.Collect$$$$00000004))
<BR><BR>[Calls]<UL><LI><a href="#[1647998]">&gt;&gt;</a>&nbsp;&nbsp;&nbsp;__scatterload
</UL>

<P><STRONG><a name="[1648424]"></a>__main_after_scatterload</STRONG> (Thumb, 0 bytes, Stack size unknown bytes, entry5.o(.ARM.Collect$$$$00000004))
<BR><BR>[Called By]<UL><LI><a href="#[1647998]">&gt;&gt;</a>&nbsp;&nbsp;&nbsp;__scatterload
</UL>

<P><STRONG><a name="[1648334]"></a>_main_init</STRONG> (Thumb, 0 bytes, Stack size unknown bytes, entry7.o(.ARM.Collect$$$$00000007))

<P><STRONG><a name="[b6aaa0]"></a>RCC_Configuration</STRONG> (Thumb, 2 bytes, Stack size 0 bytes, main.o(.text))
<BR><BR>[Called By]<UL><LI><a href="#[b6aa28]">&gt;&gt;</a>&nbsp;&nbsp;&nbsp;main
</UL>

<P><STRONG><a name="[b6aa64]"></a>Delay</STRONG> (Thumb, 18 bytes, Stack size 0 bytes, main.o(.text))
<BR><BR>[Called By]<UL><LI><a href="#[b69e70]">&gt;&gt;</a>&nbsp;&nbsp;&nbsp;lcd_data_line_read
<LI><a href="#[b69ee8]">&gt;&gt;</a>&nbsp;&nbsp;&nbsp;lcd_data_line_write
<LI><a href="#[b6a938]">&gt;&gt;</a>&nbsp;&nbsp;&nbsp;lcd_Init
<LI><a href="#[b6aa28]">&gt;&gt;</a>&nbsp;&nbsp;&nbsp;main
</UL>

<P><STRONG><a name="[b6aa28]"></a>main</STRONG> (Thumb, 52 bytes, Stack size 8 bytes, main.o(.text))
<BR><BR>[Stack]<UL><LI>Max Depth = 92<LI>Call Chain = main &rArr; lcd_GotoXY &rArr; lcd_Control_Write &rArr; lcd_Busy_Wait &rArr; lcd_data_line_read &rArr; lcd_data_line_conf &rArr; GPIO_Init
</UL>
<BR>[Calls]<UL><LI><a href="#[b5f268]">&gt;&gt;</a>&nbsp;&nbsp;&nbsp;__2printf
<LI><a href="#[b6a938]">&gt;&gt;</a>&nbsp;&nbsp;&nbsp;lcd_Init
<LI><a href="#[b6a974]">&gt;&gt;</a>&nbsp;&nbsp;&nbsp;lcd_GotoXY
<LI><a href="#[b6a9b0]">&gt;&gt;</a>&nbsp;&nbsp;&nbsp;lcd_Clear
<LI><a href="#[b6aa64]">&gt;&gt;</a>&nbsp;&nbsp;&nbsp;Delay
<LI><a href="#[b6aaa0]">&gt;&gt;</a>&nbsp;&nbsp;&nbsp;RCC_Configuration
</UL>
<BR>[Address Reference Count : 1]<UL><LI> entry7.o(.ARM.Collect$$$$00000007)
</UL>
<P><STRONG><a name="[b69ee8]"></a>lcd_data_line_write</STRONG> (Thumb, 110 bytes, Stack size 16 bytes, lcd.o(.text))
<BR><BR>[Stack]<UL><LI>Max Depth = 16<LI>Call Chain = lcd_data_line_write
</UL>
<BR>[Calls]<UL><LI><a href="#[b69c18]">&gt;&gt;</a>&nbsp;&nbsp;&nbsp;GPIO_Write
<LI><a href="#[b69c54]">&gt;&gt;</a>&nbsp;&nbsp;&nbsp;GPIO_SetBits
<LI><a href="#[b69c90]">&gt;&gt;</a>&nbsp;&nbsp;&nbsp;GPIO_ResetBits
<LI><a href="#[b69ccc]">&gt;&gt;</a>&nbsp;&nbsp;&nbsp;GPIO_ReadOutputData
<LI><a href="#[b69d08]">&gt;&gt;</a>&nbsp;&nbsp;&nbsp;GPIO_ReadInputData
<LI><a href="#[b6aa64]">&gt;&gt;</a>&nbsp;&nbsp;&nbsp;Delay
</UL>
<BR>[Called By]<UL><LI><a href="#[b69d80]">&gt;&gt;</a>&nbsp;&nbsp;&nbsp;lcd_Data_Write
<LI><a href="#[b69dbc]">&gt;&gt;</a>&nbsp;&nbsp;&nbsp;lcd_Control_Write
</UL>

<P><STRONG><a name="[b69eac]"></a>lcd_data_line_conf</STRONG> (Thumb, 54 bytes, Stack size 16 bytes, lcd.o(.text))
<BR><BR>[Stack]<UL><LI>Max Depth = 36<LI>Call Chain = lcd_data_line_conf &rArr; GPIO_Init
</UL>
<BR>[Calls]<UL><LI><a href="#[b69bdc]">&gt;&gt;</a>&nbsp;&nbsp;&nbsp;RCC_APB2PeriphClockCmd
<LI><a href="#[b69d44]">&gt;&gt;</a>&nbsp;&nbsp;&nbsp;GPIO_Init
</UL>
<BR>[Called By]<UL><LI><a href="#[b69d80]">&gt;&gt;</a>&nbsp;&nbsp;&nbsp;lcd_Data_Write
<LI><a href="#[b69dbc]">&gt;&gt;</a>&nbsp;&nbsp;&nbsp;lcd_Control_Write
<LI><a href="#[b69e70]">&gt;&gt;</a>&nbsp;&nbsp;&nbsp;lcd_data_line_read
</UL>

<P><STRONG><a name="[b69e70]"></a>lcd_data_line_read</STRONG> (Thumb, 106 bytes, Stack size 16 bytes, lcd.o(.text))
<BR><BR>[Stack]<UL><LI>Max Depth = 52<LI>Call Chain = lcd_data_line_read &rArr; lcd_data_line_conf &rArr; GPIO_Init
</UL>
<BR>[Calls]<UL><LI><a href="#[b69c54]">&gt;&gt;</a>&nbsp;&nbsp;&nbsp;GPIO_SetBits
<LI><a href="#[b69c90]">&gt;&gt;</a>&nbsp;&nbsp;&nbsp;GPIO_ResetBits
<LI><a href="#[b69d08]">&gt;&gt;</a>&nbsp;&nbsp;&nbsp;GPIO_ReadInputData
<LI><a href="#[b69eac]">&gt;&gt;</a>&nbsp;&nbsp;&nbsp;lcd_data_line_conf
<LI><a href="#[b6aa64]">&gt;&gt;</a>&nbsp;&nbsp;&nbsp;Delay
</UL>
<BR>[Called By]<UL><LI><a href="#[b69df8]">&gt;&gt;</a>&nbsp;&nbsp;&nbsp;lcd_Busy_Wait
</UL>

<P><STRONG><a name="[b69e34]"></a>lcd_Init_HW</STRONG> (Thumb, 118 bytes, Stack size 8 bytes, lcd.o(.text))
<BR><BR>[Stack]<UL><LI>Max Depth = 28<LI>Call Chain = lcd_Init_HW &rArr; GPIO_Init
</UL>
<BR>[Calls]<UL><LI><a href="#[b69bdc]">&gt;&gt;</a>&nbsp;&nbsp;&nbsp;RCC_APB2PeriphClockCmd
<LI><a href="#[b69d44]">&gt;&gt;</a>&nbsp;&nbsp;&nbsp;GPIO_Init
</UL>
<BR>[Called By]<UL><LI><a href="#[b6a938]">&gt;&gt;</a>&nbsp;&nbsp;&nbsp;lcd_Init
</UL>

<P><STRONG><a name="[b69df8]"></a>lcd_Busy_Wait</STRONG> (Thumb, 16 bytes, Stack size 8 bytes, lcd.o(.text))
<BR><BR>[Stack]<UL><LI>Max Depth = 60<LI>Call Chain = lcd_Busy_Wait &rArr; lcd_data_line_read &rArr; lcd_data_line_conf &rArr; GPIO_Init
</UL>
<BR>[Calls]<UL><LI><a href="#[b69e70]">&gt;&gt;</a>&nbsp;&nbsp;&nbsp;lcd_data_line_read
</UL>
<BR>[Called By]<UL><LI><a href="#[b69d80]">&gt;&gt;</a>&nbsp;&nbsp;&nbsp;lcd_Data_Write
<LI><a href="#[b69dbc]">&gt;&gt;</a>&nbsp;&nbsp;&nbsp;lcd_Control_Write
</UL>

<P><STRONG><a name="[b69dbc]"></a>lcd_Control_Write</STRONG> (Thumb, 48 bytes, Stack size 8 bytes, lcd.o(.text))
<BR><BR>[Stack]<UL><LI>Max Depth = 68<LI>Call Chain = lcd_Control_Write &rArr; lcd_Busy_Wait &rArr; lcd_data_line_read &rArr; lcd_data_line_conf &rArr; GPIO_Init
</UL>
<BR>[Calls]<UL><LI><a href="#[b69c90]">&gt;&gt;</a>&nbsp;&nbsp;&nbsp;GPIO_ResetBits
<LI><a href="#[b69df8]">&gt;&gt;</a>&nbsp;&nbsp;&nbsp;lcd_Busy_Wait
<LI><a href="#[b69eac]">&gt;&gt;</a>&nbsp;&nbsp;&nbsp;lcd_data_line_conf
<LI><a href="#[b69ee8]">&gt;&gt;</a>&nbsp;&nbsp;&nbsp;lcd_data_line_write
</UL>
<BR>[Called By]<UL><LI><a href="#[b6a938]">&gt;&gt;</a>&nbsp;&nbsp;&nbsp;lcd_Init
<LI><a href="#[b6a974]">&gt;&gt;</a>&nbsp;&nbsp;&nbsp;lcd_GotoXY
<LI><a href="#[b6a9b0]">&gt;&gt;</a>&nbsp;&nbsp;&nbsp;lcd_Clear
</UL>

<P><STRONG><a name="[b69d80]"></a>lcd_Data_Write</STRONG> (Thumb, 48 bytes, Stack size 8 bytes, lcd.o(.text))
<BR><BR>[Stack]<UL><LI>Max Depth = 68<LI>Call Chain = lcd_Data_Write &rArr; lcd_Busy_Wait &rArr; lcd_data_line_read &rArr; lcd_data_line_conf &rArr; GPIO_Init
</UL>
<BR>[Calls]<UL><LI><a href="#[b69c54]">&gt;&gt;</a>&nbsp;&nbsp;&nbsp;GPIO_SetBits
<LI><a href="#[b69c90]">&gt;&gt;</a>&nbsp;&nbsp;&nbsp;GPIO_ResetBits
<LI><a href="#[b69df8]">&gt;&gt;</a>&nbsp;&nbsp;&nbsp;lcd_Busy_Wait
<LI><a href="#[b69eac]">&gt;&gt;</a>&nbsp;&nbsp;&nbsp;lcd_data_line_conf
<LI><a href="#[b69ee8]">&gt;&gt;</a>&nbsp;&nbsp;&nbsp;lcd_data_line_write
</UL>
<BR>[Called By]<UL><LI><a href="#[b69768]">&gt;&gt;</a>&nbsp;&nbsp;&nbsp;fputc
</UL>

<P><STRONG><a name="[b6a938]"></a>lcd_Init</STRONG> (Thumb, 62 bytes, Stack size 8 bytes, lcd.o(.text))
<BR><BR>[Stack]<UL><LI>Max Depth = 76<LI>Call Chain = lcd_Init &rArr; lcd_Control_Write &rArr; lcd_Busy_Wait &rArr; lcd_data_line_read &rArr; lcd_data_line_conf &rArr; GPIO_Init
</UL>
<BR>[Calls]<UL><LI><a href="#[b69dbc]">&gt;&gt;</a>&nbsp;&nbsp;&nbsp;lcd_Control_Write
<LI><a href="#[b69e34]">&gt;&gt;</a>&nbsp;&nbsp;&nbsp;lcd_Init_HW
<LI><a href="#[b6aa64]">&gt;&gt;</a>&nbsp;&nbsp;&nbsp;Delay
</UL>
<BR>[Called By]<UL><LI><a href="#[b6aa28]">&gt;&gt;</a>&nbsp;&nbsp;&nbsp;main
</UL>

<P><STRONG><a name="[b6a9b0]"></a>lcd_Clear</STRONG> (Thumb, 16 bytes, Stack size 8 bytes, lcd.o(.text))
<BR><BR>[Stack]<UL><LI>Max Depth = 76<LI>Call Chain = lcd_Clear &rArr; lcd_Control_Write &rArr; lcd_Busy_Wait &rArr; lcd_data_line_read &rArr; lcd_data_line_conf &rArr; GPIO_Init
</UL>
<BR>[Calls]<UL><LI><a href="#[b69dbc]">&gt;&gt;</a>&nbsp;&nbsp;&nbsp;lcd_Control_Write
<LI><a href="#[b6a104]">&gt;&gt;</a>&nbsp;&nbsp;&nbsp;delay
</UL>
<BR>[Called By]<UL><LI><a href="#[b6aa28]">&gt;&gt;</a>&nbsp;&nbsp;&nbsp;main
</UL>

<P><STRONG><a name="[b6a974]"></a>lcd_GotoXY</STRONG> (Thumb, 48 bytes, Stack size 16 bytes, lcd.o(.text))
<BR><BR>[Stack]<UL><LI>Max Depth = 84<LI>Call Chain = lcd_GotoXY &rArr; lcd_Control_Write &rArr; lcd_Busy_Wait &rArr; lcd_data_line_read &rArr; lcd_data_line_conf &rArr; GPIO_Init
</UL>
<BR>[Calls]<UL><LI><a href="#[b69dbc]">&gt;&gt;</a>&nbsp;&nbsp;&nbsp;lcd_Control_Write
<LI><a href="#[b6a104]">&gt;&gt;</a>&nbsp;&nbsp;&nbsp;delay
</UL>
<BR>[Called By]<UL><LI><a href="#[b6aa28]">&gt;&gt;</a>&nbsp;&nbsp;&nbsp;main
</UL>

<P><STRONG><a name="[b69768]"></a>fputc</STRONG> (Thumb, 16 bytes, Stack size 16 bytes, reprintf.o(.text))
<BR><BR>[Stack]<UL><LI>Max Depth = 84<LI>Call Chain = fputc &rArr; lcd_Data_Write &rArr; lcd_Busy_Wait &rArr; lcd_data_line_read &rArr; lcd_data_line_conf &rArr; GPIO_Init
</UL>
<BR>[Calls]<UL><LI><a href="#[b69d80]">&gt;&gt;</a>&nbsp;&nbsp;&nbsp;lcd_Data_Write
</UL>
<BR>[Address Reference Count : 1]<UL><LI> printfb.o(i.__0printf$bare)
</UL>
<P><STRONG><a name="[b68cdc]"></a>NMI_Handler</STRONG> (Thumb, 2 bytes, Stack size 0 bytes, stm32f10x_it.o(.text))
<BR>[Address Reference Count : 1]<UL><LI> startup_stm32f10x_hd.o(RESET)
</UL>
<P><STRONG><a name="[b68c28]"></a>HardFault_Handler</STRONG> (Thumb, 4 bytes, Stack size 0 bytes, stm32f10x_it.o(.text))
<BR>[Address Reference Count : 1]<UL><LI> startup_stm32f10x_hd.o(RESET)
</UL>
<P><STRONG><a name="[b68bec]"></a>MemManage_Handler</STRONG> (Thumb, 4 bytes, Stack size 0 bytes, stm32f10x_it.o(.text))
<BR>[Address Reference Count : 1]<UL><LI> startup_stm32f10x_hd.o(RESET)
</UL>
<P><STRONG><a name="[b68bb0]"></a>BusFault_Handler</STRONG> (Thumb, 4 bytes, Stack size 0 bytes, stm32f10x_it.o(.text))
<BR>[Address Reference Count : 1]<UL><LI> startup_stm32f10x_hd.o(RESET)
</UL>
<P><STRONG><a name="[b68b74]"></a>UsageFault_Handler</STRONG> (Thumb, 4 bytes, Stack size 0 bytes, stm32f10x_it.o(.text))
<BR>[Address Reference Count : 1]<UL><LI> startup_stm32f10x_hd.o(RESET)
</UL>
<P><STRONG><a name="[b68b38]"></a>DebugMon_Handler</STRONG> (Thumb, 2 bytes, Stack size 0 bytes, stm32f10x_it.o(.text))
<BR>[Address Reference Count : 1]<UL><LI> startup_stm32f10x_hd.o(RESET)
</UL>
<P><STRONG><a name="[b68afc]"></a>SVC_Handler</STRONG> (Thumb, 2 bytes, Stack size 0 bytes, stm32f10x_it.o(.text))
<BR>[Address Reference Count : 1]<UL><LI> startup_stm32f10x_hd.o(RESET)
</UL>
<P><STRONG><a name="[b68ac0]"></a>PendSV_Handler</STRONG> (Thumb, 2 bytes, Stack size 0 bytes, stm32f10x_it.o(.text))
<BR>[Address Reference Count : 1]<UL><LI> startup_stm32f10x_hd.o(RESET)
</UL>
<P><STRONG><a name="[b68a84]"></a>SysTick_Handler</STRONG> (Thumb, 2 bytes, Stack size 0 bytes, stm32f10x_it.o(.text))
<BR>[Address Reference Count : 1]<UL><LI> startup_stm32f10x_hd.o(RESET)
</UL>
<P><STRONG><a name="[b68a48]"></a>WWDG_IRQHandler</STRONG> (Thumb, 2 bytes, Stack size 0 bytes, stm32f10x_it.o(.text))
<BR>[Address Reference Count : 1]<UL><LI> startup_stm32f10x_hd.o(RESET)
</UL>
<P><STRONG><a name="[b68a0c]"></a>PVD_IRQHandler</STRONG> (Thumb, 2 bytes, Stack size 0 bytes, stm32f10x_it.o(.text))
<BR>[Address Reference Count : 1]<UL><LI> startup_stm32f10x_hd.o(RESET)
</UL>
<P><STRONG><a name="[b689d0]"></a>TAMPER_IRQHandler</STRONG> (Thumb, 2 bytes, Stack size 0 bytes, stm32f10x_it.o(.text))
<BR>[Address Reference Count : 1]<UL><LI> startup_stm32f10x_hd.o(RESET)
</UL>
<P><STRONG><a name="[b68994]"></a>RTC_IRQHandler</STRONG> (Thumb, 2 bytes, Stack size 0 bytes, stm32f10x_it.o(.text))
<BR>[Address Reference Count : 1]<UL><LI> startup_stm32f10x_hd.o(RESET)
</UL>
<P><STRONG><a name="[b68958]"></a>FLASH_IRQHandler</STRONG> (Thumb, 2 bytes, Stack size 0 bytes, stm32f10x_it.o(.text))
<BR>[Address Reference Count : 1]<UL><LI> startup_stm32f10x_hd.o(RESET)
</UL>
<P><STRONG><a name="[b6891c]"></a>RCC_IRQHandler</STRONG> (Thumb, 2 bytes, Stack size 0 bytes, stm32f10x_it.o(.text))
<BR>[Address Reference Count : 1]<UL><LI> startup_stm32f10x_hd.o(RESET)
</UL>
<P><STRONG><a name="[b688e0]"></a>EXTI0_IRQHandler</STRONG> (Thumb, 2 bytes, Stack size 0 bytes, stm32f10x_it.o(.text))
<BR>[Address Reference Count : 1]<UL><LI> startup_stm32f10x_hd.o(RESET)
</UL>
<P><STRONG><a name="[b688a4]"></a>EXTI1_IRQHandler</STRONG> (Thumb, 2 bytes, Stack size 0 bytes, stm32f10x_it.o(.text))
<BR>[Address Reference Count : 1]<UL><LI> startup_stm32f10x_hd.o(RESET)
</UL>
<P><STRONG><a name="[b68868]"></a>EXTI2_IRQHandler</STRONG> (Thumb, 2 bytes, Stack size 0 bytes, stm32f10x_it.o(.text))
<BR>[Address Reference Count : 1]<UL><LI> startup_stm32f10x_hd.o(RESET)
</UL>
<P><STRONG><a name="[b6882c]"></a>EXTI3_IRQHandler</STRONG> (Thumb, 2 bytes, Stack size 0 bytes, stm32f10x_it.o(.text))
<BR>[Address Reference Count : 1]<UL><LI> startup_stm32f10x_hd.o(RESET)
</UL>
<P><STRONG><a name="[b687f0]"></a>EXTI4_IRQHandler</STRONG> (Thumb, 2 bytes, Stack size 0 bytes, stm32f10x_it.o(.text))
<BR>[Address Reference Count : 1]<UL><LI> startup_stm32f10x_hd.o(RESET)
</UL>
<P><STRONG><a name="[b687b4]"></a>ADC1_2_IRQHandler</STRONG> (Thumb, 2 bytes, Stack size 0 bytes, stm32f10x_it.o(.text))
<BR>[Address Reference Count : 1]<UL><LI> startup_stm32f10x_hd.o(RESET)
</UL>
<P><STRONG><a name="[b68778]"></a>EXTI9_5_IRQHandler</STRONG> (Thumb, 2 bytes, Stack size 0 bytes, stm32f10x_it.o(.text))
<BR>[Address Reference Count : 1]<UL><LI> startup_stm32f10x_hd.o(RESET)
</UL>
<P><STRONG><a name="[b6873c]"></a>TIM1_BRK_IRQHandler</STRONG> (Thumb, 2 bytes, Stack size 0 bytes, stm32f10x_it.o(.text))
<BR>[Address Reference Count : 1]<UL><LI> startup_stm32f10x_hd.o(RESET)
</UL>
<P><STRONG><a name="[b68700]"></a>TIM1_UP_IRQHandler</STRONG> (Thumb, 2 bytes, Stack size 0 bytes, stm32f10x_it.o(.text))
<BR>[Address Reference Count : 1]<UL><LI> startup_stm32f10x_hd.o(RESET)
</UL>
<P><STRONG><a name="[b686c4]"></a>TIM1_TRG_COM_IRQHandler</STRONG> (Thumb, 2 bytes, Stack size 0 bytes, stm32f10x_it.o(.text))
<BR>[Address Reference Count : 1]<UL><LI> startup_stm32f10x_hd.o(RESET)
</UL>
<P><STRONG><a name="[b68688]"></a>TIM1_CC_IRQHandler</STRONG> (Thumb, 2 bytes, Stack size 0 bytes, stm32f10x_it.o(.text))
<BR>[Address Reference Count : 1]<UL><LI> startup_stm32f10x_hd.o(RESET)
</UL>
<P><STRONG><a name="[b6864c]"></a>TIM2_IRQHandler</STRONG> (Thumb, 2 bytes, Stack size 0 bytes, stm32f10x_it.o(.text))
<BR>[Address Reference Count : 1]<UL><LI> startup_stm32f10x_hd.o(RESET)
</UL>
<P><STRONG><a name="[b68610]"></a>TIM3_IRQHandler</STRONG> (Thumb, 2 bytes, Stack size 0 bytes, stm32f10x_it.o(.text))
<BR>[Address Reference Count : 1]<UL><LI> startup_stm32f10x_hd.o(RESET)
</UL>
<P><STRONG><a name="[b685d4]"></a>TIM4_IRQHandler</STRONG> (Thumb, 2 bytes, Stack size 0 bytes, stm32f10x_it.o(.text))
<BR>[Address Reference Count : 1]<UL><LI> startup_stm32f10x_hd.o(RESET)
</UL>
<P><STRONG><a name="[b68598]"></a>I2C1_EV_IRQHandler</STRONG> (Thumb, 2 bytes, Stack size 0 bytes, stm32f10x_it.o(.text))
<BR>[Address Reference Count : 1]<UL><LI> startup_stm32f10x_hd.o(RESET)
</UL>
<P><STRONG><a name="[b6855c]"></a>I2C1_ER_IRQHandler</STRONG> (Thumb, 2 bytes, Stack size 0 bytes, stm32f10x_it.o(.text))
<BR>[Address Reference Count : 1]<UL><LI> startup_stm32f10x_hd.o(RESET)
</UL>
<P><STRONG><a name="[b68520]"></a>I2C2_EV_IRQHandler</STRONG> (Thumb, 2 bytes, Stack size 0 bytes, stm32f10x_it.o(.text))
<BR>[Address Reference Count : 1]<UL><LI> startup_stm32f10x_hd.o(RESET)
</UL>
<P><STRONG><a name="[b684e4]"></a>I2C2_ER_IRQHandler</STRONG> (Thumb, 2 bytes, Stack size 0 bytes, stm32f10x_it.o(.text))
<BR>[Address Reference Count : 1]<UL><LI> startup_stm32f10x_hd.o(RESET)
</UL>
<P><STRONG><a name="[b684a8]"></a>SPI1_IRQHandler</STRONG> (Thumb, 2 bytes, Stack size 0 bytes, stm32f10x_it.o(.text))
<BR>[Address Reference Count : 1]<UL><LI> startup_stm32f10x_hd.o(RESET)
</UL>
<P><STRONG><a name="[b6846c]"></a>SPI2_IRQHandler</STRONG> (Thumb, 2 bytes, Stack size 0 bytes, stm32f10x_it.o(.text))
<BR>[Address Reference Count : 1]<UL><LI> startup_stm32f10x_hd.o(RESET)
</UL>
<P><STRONG><a name="[b68430]"></a>USART1_IRQHandler</STRONG> (Thumb, 2 bytes, Stack size 0 bytes, stm32f10x_it.o(.text))
<BR>[Address Reference Count : 1]<UL><LI> startup_stm32f10x_hd.o(RESET)
</UL>
<P><STRONG><a name="[b683f4]"></a>USART2_IRQHandler</STRONG> (Thumb, 2 bytes, Stack size 0 bytes, stm32f10x_it.o(.text))
<BR>[Address Reference Count : 1]<UL><LI> startup_stm32f10x_hd.o(RESET)
</UL>
<P><STRONG><a name="[b683b8]"></a>USART3_IRQHandler</STRONG> (Thumb, 2 bytes, Stack size 0 bytes, stm32f10x_it.o(.text))
<BR>[Address Reference Count : 1]<UL><LI> startup_stm32f10x_hd.o(RESET)
</UL>
<P><STRONG><a name="[b6837c]"></a>EXTI15_10_IRQHandler</STRONG> (Thumb, 2 bytes, Stack size 0 bytes, stm32f10x_it.o(.text))
<BR>[Address Reference Count : 1]<UL><LI> startup_stm32f10x_hd.o(RESET)
</UL>
<P><STRONG><a name="[b68340]"></a>RTCAlarm_IRQHandler</STRONG> (Thumb, 2 bytes, Stack size 0 bytes, stm32f10x_it.o(.text))
<BR>[Address Reference Count : 1]<UL><LI> startup_stm32f10x_hd.o(RESET)
</UL>
<P><STRONG><a name="[b68304]"></a>USBWakeUp_IRQHandler</STRONG> (Thumb, 2 bytes, Stack size 0 bytes, stm32f10x_it.o(.text))
<BR>[Address Reference Count : 1]<UL><LI> startup_stm32f10x_hd.o(RESET)
</UL>
<P><STRONG><a name="[b682c8]"></a>TIM8_BRK_IRQHandler</STRONG> (Thumb, 2 bytes, Stack size 0 bytes, stm32f10x_it.o(.text))
<BR>[Address Reference Count : 1]<UL><LI> startup_stm32f10x_hd.o(RESET)
</UL>
<P><STRONG><a name="[b6828c]"></a>TIM8_UP_IRQHandler</STRONG> (Thumb, 2 bytes, Stack size 0 bytes, stm32f10x_it.o(.text))
<BR>[Address Reference Count : 1]<UL><LI> startup_stm32f10x_hd.o(RESET)
</UL>
<P><STRONG><a name="[b68250]"></a>TIM8_TRG_COM_IRQHandler</STRONG> (Thumb, 2 bytes, Stack size 0 bytes, stm32f10x_it.o(.text))
<BR>[Address Reference Count : 1]<UL><LI> startup_stm32f10x_hd.o(RESET)
</UL>
<P><STRONG><a name="[b68214]"></a>TIM8_CC_IRQHandler</STRONG> (Thumb, 2 bytes, Stack size 0 bytes, stm32f10x_it.o(.text))
<BR>[Address Reference Count : 1]<UL><LI> startup_stm32f10x_hd.o(RESET)
</UL>
<P><STRONG><a name="[b681d8]"></a>ADC3_IRQHandler</STRONG> (Thumb, 2 bytes, Stack size 0 bytes, stm32f10x_it.o(.text))
<BR>[Address Reference Count : 1]<UL><LI> startup_stm32f10x_hd.o(RESET)
</UL>
<P><STRONG><a name="[b6819c]"></a>FSMC_IRQHandler</STRONG> (Thumb, 2 bytes, Stack size 0 bytes, stm32f10x_it.o(.text))
<BR>[Address Reference Count : 1]<UL><LI> startup_stm32f10x_hd.o(RESET)
</UL>
<P><STRONG><a name="[b68160]"></a>SDIO_IRQHandler</STRONG> (Thumb, 2 bytes, Stack size 0 bytes, stm32f10x_it.o(.text))
<BR>[Address Reference Count : 1]<UL><LI> startup_stm32f10x_hd.o(RESET)
</UL>
<P><STRONG><a name="[b68124]"></a>TIM5_IRQHandler</STRONG> (Thumb, 2 bytes, Stack size 0 bytes, stm32f10x_it.o(.text))
<BR>[Address Reference Count : 1]<UL><LI> startup_stm32f10x_hd.o(RESET)
</UL>
<P><STRONG><a name="[b680e8]"></a>SPI3_IRQHandler</STRONG> (Thumb, 2 bytes, Stack size 0 bytes, stm32f10x_it.o(.text))
<BR>[Address Reference Count : 1]<UL><LI> startup_stm32f10x_hd.o(RESET)
</UL>
<P><STRONG><a name="[b680ac]"></a>UART4_IRQHandler</STRONG> (Thumb, 2 bytes, Stack size 0 bytes, stm32f10x_it.o(.text))
<BR>[Address Reference Count : 1]<UL><LI> startup_stm32f10x_hd.o(RESET)
</UL>
<P><STRONG><a name="[b68070]"></a>UART5_IRQHandler</STRONG> (Thumb, 2 bytes, Stack size 0 bytes, stm32f10x_it.o(.text))
<BR>[Address Reference Count : 1]<UL><LI> startup_stm32f10x_hd.o(RESET)
</UL>
<P><STRONG><a name="[b68034]"></a>TIM6_IRQHandler</STRONG> (Thumb, 2 bytes, Stack size 0 bytes, stm32f10x_it.o(.text))
<BR>[Address Reference Count : 1]<UL><LI> startup_stm32f10x_hd.o(RESET)
</UL>
<P><STRONG><a name="[b67ff8]"></a>TIM7_IRQHandler</STRONG> (Thumb, 2 bytes, Stack size 0 bytes, stm32f10x_it.o(.text))
<BR>[Address Reference Count : 1]<UL><LI> startup_stm32f10x_hd.o(RESET)
</UL>
<P><STRONG><a name="[b67fbc]"></a>DMA2_Channel1_IRQHandler</STRONG> (Thumb, 2 bytes, Stack size 0 bytes, stm32f10x_it.o(.text))
<BR>[Address Reference Count : 1]<UL><LI> startup_stm32f10x_hd.o(RESET)
</UL>
<P><STRONG><a name="[b67f80]"></a>DMA2_Channel2_IRQHandler</STRONG> (Thumb, 2 bytes, Stack size 0 bytes, stm32f10x_it.o(.text))
<BR>[Address Reference Count : 1]<UL><LI> startup_stm32f10x_hd.o(RESET)
</UL>
<P><STRONG><a name="[b67f44]"></a>DMA2_Channel3_IRQHandler</STRONG> (Thumb, 2 bytes, Stack size 0 bytes, stm32f10x_it.o(.text))
<BR>[Address Reference Count : 1]<UL><LI> startup_stm32f10x_hd.o(RESET)
</UL>
<P><STRONG><a name="[b67f08]"></a>DMA2_Channel4_5_IRQHandler</STRONG> (Thumb, 2 bytes, Stack size 0 bytes, stm32f10x_it.o(.text))
<BR>[Address Reference Count : 1]<UL><LI> startup_stm32f10x_hd.o(RESET)
</UL>
<P><STRONG><a name="[b69d44]"></a>GPIO_Init</STRONG> (Thumb, 268 bytes, Stack size 20 bytes, stm32f10x_gpio.o(.text))
<BR><BR>[Stack]<UL><LI>Max Depth = 20<LI>Call Chain = GPIO_Init
</UL>
<BR>[Called By]<UL><LI><a href="#[b69e34]">&gt;&gt;</a>&nbsp;&nbsp;&nbsp;lcd_Init_HW
<LI><a href="#[b69eac]">&gt;&gt;</a>&nbsp;&nbsp;&nbsp;lcd_data_line_conf
</UL>

<P><STRONG><a name="[b69d08]"></a>GPIO_ReadInputData</STRONG> (Thumb, 8 bytes, Stack size 0 bytes, stm32f10x_gpio.o(.text))
<BR><BR>[Called By]<UL><LI><a href="#[b69e70]">&gt;&gt;</a>&nbsp;&nbsp;&nbsp;lcd_data_line_read
<LI><a href="#[b69ee8]">&gt;&gt;</a>&nbsp;&nbsp;&nbsp;lcd_data_line_write
</UL>

<P><STRONG><a name="[b69ccc]"></a>GPIO_ReadOutputData</STRONG> (Thumb, 8 bytes, Stack size 0 bytes, stm32f10x_gpio.o(.text))
<BR><BR>[Called By]<UL><LI><a href="#[b69ee8]">&gt;&gt;</a>&nbsp;&nbsp;&nbsp;lcd_data_line_write
</UL>

<P><STRONG><a name="[b69c54]"></a>GPIO_SetBits</STRONG> (Thumb, 4 bytes, Stack size 0 bytes, stm32f10x_gpio.o(.text))
<BR><BR>[Called By]<UL><LI><a href="#[b69d80]">&gt;&gt;</a>&nbsp;&nbsp;&nbsp;lcd_Data_Write
<LI><a href="#[b69e70]">&gt;&gt;</a>&nbsp;&nbsp;&nbsp;lcd_data_line_read
<LI><a href="#[b69ee8]">&gt;&gt;</a>&nbsp;&nbsp;&nbsp;lcd_data_line_write
</UL>

<P><STRONG><a name="[b69c90]"></a>GPIO_ResetBits</STRONG> (Thumb, 4 bytes, Stack size 0 bytes, stm32f10x_gpio.o(.text))
<BR><BR>[Called By]<UL><LI><a href="#[b69d80]">&gt;&gt;</a>&nbsp;&nbsp;&nbsp;lcd_Data_Write
<LI><a href="#[b69dbc]">&gt;&gt;</a>&nbsp;&nbsp;&nbsp;lcd_Control_Write
<LI><a href="#[b69e70]">&gt;&gt;</a>&nbsp;&nbsp;&nbsp;lcd_data_line_read
<LI><a href="#[b69ee8]">&gt;&gt;</a>&nbsp;&nbsp;&nbsp;lcd_data_line_write
</UL>

<P><STRONG><a name="[b69c18]"></a>GPIO_Write</STRONG> (Thumb, 4 bytes, Stack size 0 bytes, stm32f10x_gpio.o(.text))
<BR><BR>[Called By]<UL><LI><a href="#[b69ee8]">&gt;&gt;</a>&nbsp;&nbsp;&nbsp;lcd_data_line_write
</UL>

<P><STRONG><a name="[b69bdc]"></a>RCC_APB2PeriphClockCmd</STRONG> (Thumb, 26 bytes, Stack size 0 bytes, stm32f10x_rcc.o(.text))
<BR><BR>[Called By]<UL><LI><a href="#[b69e34]">&gt;&gt;</a>&nbsp;&nbsp;&nbsp;lcd_Init_HW
<LI><a href="#[b69eac]">&gt;&gt;</a>&nbsp;&nbsp;&nbsp;lcd_data_line_conf
</UL>

<P><STRONG><a name="[b610e0]"></a>SystemInit</STRONG> (Thumb, 70 bytes, Stack size 8 bytes, system_stm32f10x.o(.text))
<BR><BR>[Stack]<UL><LI>Max Depth = 16<LI>Call Chain = SystemInit &rArr; SetSysClock
</UL>
<BR>[Calls]<UL><LI><a href="#[b61464]">&gt;&gt;</a>&nbsp;&nbsp;&nbsp;SetSysClock
</UL>
<BR>[Address Reference Count : 1]<UL><LI> startup_stm32f10x_hd.o(.text)
</UL>
<P><STRONG><a name="[b60d20]"></a>Reset_Handler</STRONG> (Thumb, 8 bytes, Stack size 0 bytes, startup_stm32f10x_hd.o(.text))
<BR>[Address Reference Count : 1]<UL><LI> startup_stm32f10x_hd.o(RESET)
</UL>
<P><STRONG><a name="[b60a50]"></a>CAN1_RX1_IRQHandler</STRONG> (Thumb, 0 bytes, Stack size 0 bytes, startup_stm32f10x_hd.o(.text))
<BR>[Address Reference Count : 1]<UL><LI> startup_stm32f10x_hd.o(RESET)
</UL>
<P><STRONG><a name="[b60a14]"></a>CAN1_SCE_IRQHandler</STRONG> (Thumb, 0 bytes, Stack size 0 bytes, startup_stm32f10x_hd.o(.text))
<BR>[Address Reference Count : 1]<UL><LI> startup_stm32f10x_hd.o(RESET)
</UL>
<P><STRONG><a name="[b609d8]"></a>DMA1_Channel1_IRQHandler</STRONG> (Thumb, 0 bytes, Stack size 0 bytes, startup_stm32f10x_hd.o(.text))
<BR>[Address Reference Count : 1]<UL><LI> startup_stm32f10x_hd.o(RESET)
</UL>
<P><STRONG><a name="[b6099c]"></a>DMA1_Channel2_IRQHandler</STRONG> (Thumb, 0 bytes, Stack size 0 bytes, startup_stm32f10x_hd.o(.text))
<BR>[Address Reference Count : 1]<UL><LI> startup_stm32f10x_hd.o(RESET)
</UL>
<P><STRONG><a name="[b60960]"></a>DMA1_Channel3_IRQHandler</STRONG> (Thumb, 0 bytes, Stack size 0 bytes, startup_stm32f10x_hd.o(.text))
<BR>[Address Reference Count : 1]<UL><LI> startup_stm32f10x_hd.o(RESET)
</UL>
<P><STRONG><a name="[b60924]"></a>DMA1_Channel4_IRQHandler</STRONG> (Thumb, 0 bytes, Stack size 0 bytes, startup_stm32f10x_hd.o(.text))
<BR>[Address Reference Count : 1]<UL><LI> startup_stm32f10x_hd.o(RESET)
</UL>
<P><STRONG><a name="[b608e8]"></a>DMA1_Channel5_IRQHandler</STRONG> (Thumb, 0 bytes, Stack size 0 bytes, startup_stm32f10x_hd.o(.text))
<BR>[Address Reference Count : 1]<UL><LI> startup_stm32f10x_hd.o(RESET)
</UL>
<P><STRONG><a name="[b608ac]"></a>DMA1_Channel6_IRQHandler</STRONG> (Thumb, 0 bytes, Stack size 0 bytes, startup_stm32f10x_hd.o(.text))
<BR>[Address Reference Count : 1]<UL><LI> startup_stm32f10x_hd.o(RESET)
</UL>
<P><STRONG><a name="[b60870]"></a>DMA1_Channel7_IRQHandler</STRONG> (Thumb, 0 bytes, Stack size 0 bytes, startup_stm32f10x_hd.o(.text))
<BR>[Address Reference Count : 1]<UL><LI> startup_stm32f10x_hd.o(RESET)
</UL>
<P><STRONG><a name="[b5fd6c]"></a>USB_HP_CAN1_TX_IRQHandler</STRONG> (Thumb, 0 bytes, Stack size 0 bytes, startup_stm32f10x_hd.o(.text))
<BR>[Address Reference Count : 1]<UL><LI> startup_stm32f10x_hd.o(RESET)
</UL>
<P><STRONG><a name="[b5fd30]"></a>USB_LP_CAN1_RX0_IRQHandler</STRONG> (Thumb, 0 bytes, Stack size 0 bytes, startup_stm32f10x_hd.o(.text))
<BR>[Address Reference Count : 1]<UL><LI> startup_stm32f10x_hd.o(RESET)
</UL>
<P><STRONG><a name="[1647998]"></a>__scatterload</STRONG> (Thumb, 28 bytes, Stack size 0 bytes, init.o(.text))
<BR><BR>[Calls]<UL><LI><a href="#[1648424]">&gt;&gt;</a>&nbsp;&nbsp;&nbsp;__main_after_scatterload
</UL>
<BR>[Called By]<UL><LI><a href="#[1648460]">&gt;&gt;</a>&nbsp;&nbsp;&nbsp;_main_scatterload
</UL>

<P><STRONG><a name="[164795c]"></a>__scatterload_rt2</STRONG> (Thumb, 0 bytes, Stack size 0 bytes, init.o(.text), UNUSED)

<P><STRONG><a name="[b5f2e0]"></a>__0printf$bare</STRONG> (Thumb, 8 bytes, Stack size 0 bytes, printfb.o(i.__0printf$bare), UNUSED)
<BR><BR>[Calls]<UL><LI><a href="#[b5f448]">&gt;&gt;</a>&nbsp;&nbsp;&nbsp;_printf_core
</UL>

<P><STRONG><a name="[b5f2a4]"></a>__1printf$bare</STRONG> (Thumb, 0 bytes, Stack size 0 bytes, printfb.o(i.__0printf$bare), UNUSED)

<P><STRONG><a name="[b5f268]"></a>__2printf</STRONG> (Thumb, 0 bytes, Stack size 0 bytes, printfb.o(i.__0printf$bare))
<BR><BR>[Called By]<UL><LI><a href="#[b6aa28]">&gt;&gt;</a>&nbsp;&nbsp;&nbsp;main
</UL>

<P><STRONG><a name="[1647290]"></a>__scatterload_copy</STRONG> (Thumb, 14 bytes, Stack size unknown bytes, handlers.o(i.__scatterload_copy), UNUSED)

<P><STRONG><a name="[1647254]"></a>__scatterload_null</STRONG> (Thumb, 2 bytes, Stack size unknown bytes, handlers.o(i.__scatterload_null), UNUSED)

<P><STRONG><a name="[1647218]"></a>__scatterload_zeroinit</STRONG> (Thumb, 14 bytes, Stack size unknown bytes, handlers.o(i.__scatterload_zeroinit), UNUSED)
<P>
<H3>
Local Symbols
</H3>
<P><STRONG><a name="[b6a104]"></a>delay</STRONG> (Thumb, 18 bytes, Stack size 0 bytes, lcd.o(.text))
<BR><BR>[Called By]<UL><LI><a href="#[b6a974]">&gt;&gt;</a>&nbsp;&nbsp;&nbsp;lcd_GotoXY
<LI><a href="#[b6a9b0]">&gt;&gt;</a>&nbsp;&nbsp;&nbsp;lcd_Clear
</UL>

<P><STRONG><a name="[b614a0]"></a>SetSysClockTo72</STRONG> (Thumb, 198 bytes, Stack size 0 bytes, system_stm32f10x.o(.text))
<BR><BR>[Called By]<UL><LI><a href="#[b61464]">&gt;&gt;</a>&nbsp;&nbsp;&nbsp;SetSysClock
</UL>

<P><STRONG><a name="[b61464]"></a>SetSysClock</STRONG> (Thumb, 8 bytes, Stack size 8 bytes, system_stm32f10x.o(.text))
<BR><BR>[Stack]<UL><LI>Max Depth = 8<LI>Call Chain = SetSysClock
</UL>
<BR>[Calls]<UL><LI><a href="#[b614a0]">&gt;&gt;</a>&nbsp;&nbsp;&nbsp;SetSysClockTo72
</UL>
<BR>[Called By]<UL><LI><a href="#[b610e0]">&gt;&gt;</a>&nbsp;&nbsp;&nbsp;SystemInit
</UL>

<P><STRONG><a name="[b5f448]"></a>_printf_core</STRONG> (Thumb, 34 bytes, Stack size 24 bytes, printfb.o(i._printf_core), UNUSED)
<BR><BR>[Called By]<UL><LI><a href="#[b5f2e0]">&gt;&gt;</a>&nbsp;&nbsp;&nbsp;__0printf$bare
</UL>
<P>
<H3>
Undefined Global Symbols
</H3><HR></body></html>
