<html>
<body>
<pre>
<h1>µVision Build Log</h1>
<h2>Project:</h2>
D:\Vu-Research\Truong Bach Khoa\Sinh Vien\2010-2011\Pham Van Vang\stm32_LCD16x2_demo_4bit\Project\LCD\LCD_16x2\RVMDK\lcd_16x2.uvproj
Project File Date:  11/15/2010

<h2>Output:</h2>
Build target 'STM32_GEM3M_PROJECT'
compiling main.c...
compiling lcd.c...
compiling reprintf.c...
compiling stm32f10x_it.c...
compiling misc.c...
compiling stm32f10x_gpio.c...
compiling stm32f10x_rcc.c...
compiling core_cm3.c...
compiling system_stm32f10x.c...
assembling startup_stm32f10x_hd.s...
linking...
Program Size: Code=1680 RO-data=336 RW-data=4 ZI-data=1028  
FromELF: creating hex file...
".\Obj\lcd_16x2.axf" - 0 Error(s), 0 Warning(s).
Build target 'STM32_GEM3M_PROJECT'
compiling main.c...
compiling lcd.c...
compiling reprintf.c...
compiling stm32f10x_it.c...
compiling misc.c...
compiling stm32f10x_gpio.c...
compiling stm32f10x_rcc.c...
compiling core_cm3.c...
compiling system_stm32f10x.c...
assembling startup_stm32f10x_hd.s...
linking...
Program Size: Code=1680 RO-data=336 RW-data=4 ZI-data=1028  
FromELF: creating hex file...
".\Obj\lcd_16x2.axf" - 0 Error(s), 0 Warning(s).
Build target 'STM32_GEM3M_PROJECT'
compiling main.c...
compiling lcd.c...
compiling reprintf.c...
compiling stm32f10x_it.c...
compiling misc.c...
compiling stm32f10x_gpio.c...
compiling stm32f10x_rcc.c...
compiling core_cm3.c...
compiling system_stm32f10x.c...
assembling startup_stm32f10x_hd.s...
linking...
Program Size: Code=1692 RO-data=336 RW-data=4 ZI-data=1028  
FromELF: creating hex file...
".\Obj\lcd_16x2.axf" - 0 Error(s), 0 Warning(s).
Build target 'STM32_GEM3M_PROJECT'
compiling main.c...
compiling lcd.c...
compiling reprintf.c...
compiling stm32f10x_it.c...
compiling misc.c...
compiling stm32f10x_gpio.c...
compiling stm32f10x_rcc.c...
compiling core_cm3.c...
compiling system_stm32f10x.c...
assembling startup_stm32f10x_hd.s...
linking...
Program Size: Code=1680 RO-data=336 RW-data=4 ZI-data=1028  
FromELF: creating hex file...
".\Obj\lcd_16x2.axf" - 0 Error(s), 0 Warning(s).
Build target 'STM32_GEM3M_PROJECT'
compiling main.c...
compiling lcd.c...
compiling reprintf.c...
compiling stm32f10x_it.c...
compiling misc.c...
compiling stm32f10x_gpio.c...
compiling stm32f10x_rcc.c...
compiling core_cm3.c...
compiling system_stm32f10x.c...
assembling startup_stm32f10x_hd.s...
linking...
Program Size: Code=1700 RO-data=336 RW-data=4 ZI-data=1028  
FromELF: creating hex file...
".\Obj\lcd_16x2.axf" - 0 Error(s), 0 Warning(s).
Build target 'STM32_GEM3M_PROJECT'
compiling main.c...
compiling lcd.c...
compiling reprintf.c...
compiling stm32f10x_it.c...
compiling misc.c...
compiling stm32f10x_gpio.c...
compiling stm32f10x_rcc.c...
compiling core_cm3.c...
compiling system_stm32f10x.c...
assembling startup_stm32f10x_hd.s...
linking...
Program Size: Code=1692 RO-data=336 RW-data=4 ZI-data=1028  
FromELF: creating hex file...
".\Obj\lcd_16x2.axf" - 0 Error(s), 0 Warning(s).
Build target 'STM32_GEM3M_PROJECT'
compiling main.c...
compiling lcd.c...
compiling reprintf.c...
compiling stm32f10x_it.c...
compiling misc.c...
compiling stm32f10x_gpio.c...
compiling stm32f10x_rcc.c...
compiling core_cm3.c...
compiling system_stm32f10x.c...
assembling startup_stm32f10x_hd.s...
linking...
Program Size: Code=1680 RO-data=336 RW-data=4 ZI-data=1028  
FromELF: creating hex file...
".\Obj\lcd_16x2.axf" - 0 Error(s), 0 Warning(s).
Build target 'STM32_GEM3M_PROJECT'
compiling main.c...
compiling lcd.c...
compiling reprintf.c...
compiling stm32f10x_it.c...
compiling misc.c...
compiling stm32f10x_gpio.c...
compiling stm32f10x_rcc.c...
compiling core_cm3.c...
compiling system_stm32f10x.c...
assembling startup_stm32f10x_hd.s...
linking...
Program Size: Code=1692 RO-data=336 RW-data=4 ZI-data=1028  
FromELF: creating hex file...
".\Obj\lcd_16x2.axf" - 0 Error(s), 0 Warning(s).
Build target 'STM32_GEM3M_PROJECT'
compiling main.c...
compiling lcd.c...
compiling reprintf.c...
compiling stm32f10x_it.c...
compiling misc.c...
compiling stm32f10x_gpio.c...
compiling stm32f10x_rcc.c...
compiling core_cm3.c...
compiling system_stm32f10x.c...
assembling startup_stm32f10x_hd.s...
linking...
Program Size: Code=1692 RO-data=336 RW-data=4 ZI-data=1028  
FromELF: creating hex file...
".\Obj\lcd_16x2.axf" - 0 Error(s), 0 Warning(s).
