ARM Linker, RVCT4.0 [Build 524] for uVision [Standard]

==============================================================================

Section Cross References

    main.o(.text) refers to lcd.o(.text) for lcd_Init
    main.o(.text) refers to printfb.o(i.__0printf$bare) for __2printf
    lcd.o(.text) refers to stm32f10x_gpio.o(.text) for GPIO_SetBits
    lcd.o(.text) refers to main.o(.text) for Delay
    lcd.o(.text) refers to stm32f10x_rcc.o(.text) for RCC_APB2PeriphClockCmd
    lcd.o(.text) refers to lcd.o(.text) for lcd_Busy_Wait
    lcd.o(.text) refers to stm32f10x_gpio.o(.text) for GPIO_ResetBits
    lcd.o(.text) refers to lcd.o(.text) for lcd_Busy_Wait
    lcd.o(.text) refers to stm32f10x_gpio.o(.text) for GPIO_SetBits
    lcd.o(.text) refers to lcd.o(.text) for lcd_Control_Write
    lcd.o(.text) refers to lcd.o(.text) for lcd_Data_Write
    reprintf.o(.text) refers to lcd.o(.text) for lcd_Data_Write
    stm32f10x_gpio.o(.text) refers to stm32f10x_rcc.o(.text) for RCC_APB2PeriphResetCmd
    stm32f10x_gpio.o(.text) refers to stm32f10x_rcc.o(.text) for RCC_APB2PeriphResetCmd
    stm32f10x_rcc.o(.text) refers to stm32f10x_rcc.o(.text) for RCC_GetFlagStatus
    stm32f10x_rcc.o(.text) refers to stm32f10x_rcc.o(.data) for .data
    startup_stm32f10x_hd.o(RESET) refers to startup_stm32f10x_hd.o(STACK) for __initial_sp
    startup_stm32f10x_hd.o(RESET) refers to startup_stm32f10x_hd.o(.text) for Reset_Handler
    startup_stm32f10x_hd.o(RESET) refers to stm32f10x_it.o(.text) for NMI_Handler
    startup_stm32f10x_hd.o(.text) refers to system_stm32f10x.o(.text) for SystemInit
    startup_stm32f10x_hd.o(.text) refers to entry.o(.ARM.Collect$$$$00000000) for __main
    entry.o(.ARM.Collect$$$$00000000) refers (Special) to entry7.o(.ARM.Collect$$$$00000007) for _main_init
    entry.o(.ARM.Collect$$$$00000000) refers (Special) to entry5.o(.ARM.Collect$$$$00000004) for _main_scatterload
    entry.o(.ARM.Collect$$$$00000000) refers (Special) to entry2.o(.ARM.Collect$$$$00000001) for _main_stk
    printfb.o(i.__0fprintf$bare) refers to printfb.o(i._printf_core) for _printf_core
    printfb.o(i.__0fprintf$bare) refers to reprintf.o(.text) for fputc
    printfb.o(i.__0printf$bare) refers to printfb.o(i._printf_core) for _printf_core
    printfb.o(i.__0printf$bare) refers to reprintf.o(.text) for fputc
    printfb.o(i.__0printf$bare) refers to stdout.o(.data) for __stdout
    printfb.o(i.__0snprintf$bare) refers to printfb.o(i._printf_core) for _printf_core
    printfb.o(i.__0snprintf$bare) refers to printfb.o(i._snputc) for _snputc
    printfb.o(i.__0sprintf$bare) refers to printfb.o(i._printf_core) for _printf_core
    printfb.o(i.__0sprintf$bare) refers to printfb.o(i._sputc) for _sputc
    printfb.o(i.__0vfprintf$bare) refers to printfb.o(i._printf_core) for _printf_core
    printfb.o(i.__0vfprintf$bare) refers to reprintf.o(.text) for fputc
    printfb.o(i.__0vprintf$bare) refers to printfb.o(i._printf_core) for _printf_core
    printfb.o(i.__0vprintf$bare) refers to reprintf.o(.text) for fputc
    printfb.o(i.__0vprintf$bare) refers to stdout.o(.data) for __stdout
    printfb.o(i.__0vsnprintf$bare) refers to printfb.o(i._printf_core) for _printf_core
    printfb.o(i.__0vsnprintf$bare) refers to printfb.o(i._snputc) for _snputc
    printfb.o(i.__0vsprintf$bare) refers to printfb.o(i._printf_core) for _printf_core
    printfb.o(i.__0vsprintf$bare) refers to printfb.o(i._sputc) for _sputc
    printf0.o(i.__0fprintf$0) refers to printf0.o(i._printf_core) for _printf_core
    printf0.o(i.__0fprintf$0) refers to reprintf.o(.text) for fputc
    printf0.o(i.__0printf$0) refers to printf0.o(i._printf_core) for _printf_core
    printf0.o(i.__0printf$0) refers to reprintf.o(.text) for fputc
    printf0.o(i.__0printf$0) refers to stdout.o(.data) for __stdout
    printf0.o(i.__0snprintf$0) refers to printf0.o(i._printf_core) for _printf_core
    printf0.o(i.__0snprintf$0) refers to printf0.o(i._snputc) for _snputc
    printf0.o(i.__0sprintf$0) refers to printf0.o(i._printf_core) for _printf_core
    printf0.o(i.__0sprintf$0) refers to printf0.o(i._sputc) for _sputc
    printf0.o(i.__0vfprintf$0) refers to printf0.o(i._printf_core) for _printf_core
    printf0.o(i.__0vfprintf$0) refers to reprintf.o(.text) for fputc
    printf0.o(i.__0vprintf$0) refers to printf0.o(i._printf_core) for _printf_core
    printf0.o(i.__0vprintf$0) refers to reprintf.o(.text) for fputc
    printf0.o(i.__0vprintf$0) refers to stdout.o(.data) for __stdout
    printf0.o(i.__0vsnprintf$0) refers to printf0.o(i._printf_core) for _printf_core
    printf0.o(i.__0vsnprintf$0) refers to printf0.o(i._snputc) for _snputc
    printf0.o(i.__0vsprintf$0) refers to printf0.o(i._printf_core) for _printf_core
    printf0.o(i.__0vsprintf$0) refers to printf0.o(i._sputc) for _sputc
    printf1.o(i.__0fprintf$1) refers to printf1.o(i._printf_core) for _printf_core
    printf1.o(i.__0fprintf$1) refers to reprintf.o(.text) for fputc
    printf1.o(i.__0printf$1) refers to printf1.o(i._printf_core) for _printf_core
    printf1.o(i.__0printf$1) refers to reprintf.o(.text) for fputc
    printf1.o(i.__0printf$1) refers to stdout.o(.data) for __stdout
    printf1.o(i.__0snprintf$1) refers to printf1.o(i._printf_core) for _printf_core
    printf1.o(i.__0snprintf$1) refers to printf1.o(i._snputc) for _snputc
    printf1.o(i.__0sprintf$1) refers to printf1.o(i._printf_core) for _printf_core
    printf1.o(i.__0sprintf$1) refers to printf1.o(i._sputc) for _sputc
    printf1.o(i.__0vfprintf$1) refers to printf1.o(i._printf_core) for _printf_core
    printf1.o(i.__0vfprintf$1) refers to reprintf.o(.text) for fputc
    printf1.o(i.__0vprintf$1) refers to printf1.o(i._printf_core) for _printf_core
    printf1.o(i.__0vprintf$1) refers to reprintf.o(.text) for fputc
    printf1.o(i.__0vprintf$1) refers to stdout.o(.data) for __stdout
    printf1.o(i.__0vsnprintf$1) refers to printf1.o(i._printf_core) for _printf_core
    printf1.o(i.__0vsnprintf$1) refers to printf1.o(i._snputc) for _snputc
    printf1.o(i.__0vsprintf$1) refers to printf1.o(i._printf_core) for _printf_core
    printf1.o(i.__0vsprintf$1) refers to printf1.o(i._sputc) for _sputc
    printf1.o(i._printf_core) refers to uidiv.o(.text) for __aeabi_uidivmod
    printf2.o(i.__0fprintf$2) refers to printf2.o(i._printf_core) for _printf_core
    printf2.o(i.__0fprintf$2) refers to reprintf.o(.text) for fputc
    printf2.o(i.__0printf$2) refers to printf2.o(i._printf_core) for _printf_core
    printf2.o(i.__0printf$2) refers to reprintf.o(.text) for fputc
    printf2.o(i.__0printf$2) refers to stdout.o(.data) for __stdout
    printf2.o(i.__0snprintf$2) refers to printf2.o(i._printf_core) for _printf_core
    printf2.o(i.__0snprintf$2) refers to printf2.o(i._snputc) for _snputc
    printf2.o(i.__0sprintf$2) refers to printf2.o(i._printf_core) for _printf_core
    printf2.o(i.__0sprintf$2) refers to printf2.o(i._sputc) for _sputc
    printf2.o(i.__0vfprintf$2) refers to printf2.o(i._printf_core) for _printf_core
    printf2.o(i.__0vfprintf$2) refers to reprintf.o(.text) for fputc
    printf2.o(i.__0vprintf$2) refers to printf2.o(i._printf_core) for _printf_core
    printf2.o(i.__0vprintf$2) refers to reprintf.o(.text) for fputc
    printf2.o(i.__0vprintf$2) refers to stdout.o(.data) for __stdout
    printf2.o(i.__0vsnprintf$2) refers to printf2.o(i._printf_core) for _printf_core
    printf2.o(i.__0vsnprintf$2) refers to printf2.o(i._snputc) for _snputc
    printf2.o(i.__0vsprintf$2) refers to printf2.o(i._printf_core) for _printf_core
    printf2.o(i.__0vsprintf$2) refers to printf2.o(i._sputc) for _sputc
    printf3.o(i.__0fprintf$3) refers to printf3.o(i._printf_core) for _printf_core
    printf3.o(i.__0fprintf$3) refers to reprintf.o(.text) for fputc
    printf3.o(i.__0printf$3) refers to printf3.o(i._printf_core) for _printf_core
    printf3.o(i.__0printf$3) refers to reprintf.o(.text) for fputc
    printf3.o(i.__0printf$3) refers to stdout.o(.data) for __stdout
    printf3.o(i.__0snprintf$3) refers to printf3.o(i._printf_core) for _printf_core
    printf3.o(i.__0snprintf$3) refers to printf3.o(i._snputc) for _snputc
    printf3.o(i.__0sprintf$3) refers to printf3.o(i._printf_core) for _printf_core
    printf3.o(i.__0sprintf$3) refers to printf3.o(i._sputc) for _sputc
    printf3.o(i.__0vfprintf$3) refers to printf3.o(i._printf_core) for _printf_core
    printf3.o(i.__0vfprintf$3) refers to reprintf.o(.text) for fputc
    printf3.o(i.__0vprintf$3) refers to printf3.o(i._printf_core) for _printf_core
    printf3.o(i.__0vprintf$3) refers to reprintf.o(.text) for fputc
    printf3.o(i.__0vprintf$3) refers to stdout.o(.data) for __stdout
    printf3.o(i.__0vsnprintf$3) refers to printf3.o(i._printf_core) for _printf_core
    printf3.o(i.__0vsnprintf$3) refers to printf3.o(i._snputc) for _snputc
    printf3.o(i.__0vsprintf$3) refers to printf3.o(i._printf_core) for _printf_core
    printf3.o(i.__0vsprintf$3) refers to printf3.o(i._sputc) for _sputc
    printf3.o(i._printf_core) refers to uidiv.o(.text) for __aeabi_uidivmod
    printf4.o(i.__0fprintf$4) refers to printf4.o(i._printf_core) for _printf_core
    printf4.o(i.__0fprintf$4) refers to reprintf.o(.text) for fputc
    printf4.o(i.__0printf$4) refers to printf4.o(i._printf_core) for _printf_core
    printf4.o(i.__0printf$4) refers to reprintf.o(.text) for fputc
    printf4.o(i.__0printf$4) refers to stdout.o(.data) for __stdout
    printf4.o(i.__0snprintf$4) refers to printf4.o(i._printf_core) for _printf_core
    printf4.o(i.__0snprintf$4) refers to printf4.o(i._snputc) for _snputc
    printf4.o(i.__0sprintf$4) refers to printf4.o(i._printf_core) for _printf_core
    printf4.o(i.__0sprintf$4) refers to printf4.o(i._sputc) for _sputc
    printf4.o(i.__0vfprintf$4) refers to printf4.o(i._printf_core) for _printf_core
    printf4.o(i.__0vfprintf$4) refers to reprintf.o(.text) for fputc
    printf4.o(i.__0vprintf$4) refers to printf4.o(i._printf_core) for _printf_core
    printf4.o(i.__0vprintf$4) refers to reprintf.o(.text) for fputc
    printf4.o(i.__0vprintf$4) refers to stdout.o(.data) for __stdout
    printf4.o(i.__0vsnprintf$4) refers to printf4.o(i._printf_core) for _printf_core
    printf4.o(i.__0vsnprintf$4) refers to printf4.o(i._snputc) for _snputc
    printf4.o(i.__0vsprintf$4) refers to printf4.o(i._printf_core) for _printf_core
    printf4.o(i.__0vsprintf$4) refers to printf4.o(i._sputc) for _sputc
    printf4.o(i._printf_core) refers to uldiv.o(.text) for __aeabi_uldivmod
    printf5.o(i.__0fprintf$5) refers to printf5.o(i._printf_core) for _printf_core
    printf5.o(i.__0fprintf$5) refers to reprintf.o(.text) for fputc
    printf5.o(i.__0printf$5) refers to printf5.o(i._printf_core) for _printf_core
    printf5.o(i.__0printf$5) refers to reprintf.o(.text) for fputc
    printf5.o(i.__0printf$5) refers to stdout.o(.data) for __stdout
    printf5.o(i.__0snprintf$5) refers to printf5.o(i._printf_core) for _printf_core
    printf5.o(i.__0snprintf$5) refers to printf5.o(i._snputc) for _snputc
    printf5.o(i.__0sprintf$5) refers to printf5.o(i._printf_core) for _printf_core
    printf5.o(i.__0sprintf$5) refers to printf5.o(i._sputc) for _sputc
    printf5.o(i.__0vfprintf$5) refers to printf5.o(i._printf_core) for _printf_core
    printf5.o(i.__0vfprintf$5) refers to reprintf.o(.text) for fputc
    printf5.o(i.__0vprintf$5) refers to printf5.o(i._printf_core) for _printf_core
    printf5.o(i.__0vprintf$5) refers to reprintf.o(.text) for fputc
    printf5.o(i.__0vprintf$5) refers to stdout.o(.data) for __stdout
    printf5.o(i.__0vsnprintf$5) refers to printf5.o(i._printf_core) for _printf_core
    printf5.o(i.__0vsnprintf$5) refers to printf5.o(i._snputc) for _snputc
    printf5.o(i.__0vsprintf$5) refers to printf5.o(i._printf_core) for _printf_core
    printf5.o(i.__0vsprintf$5) refers to printf5.o(i._sputc) for _sputc
    printf5.o(i._printf_core) refers to uldiv.o(.text) for __aeabi_uldivmod
    printf6.o(i.__0fprintf$6) refers to printf6.o(i._printf_core) for _printf_core
    printf6.o(i.__0fprintf$6) refers to reprintf.o(.text) for fputc
    printf6.o(i.__0printf$6) refers to printf6.o(i._printf_core) for _printf_core
    printf6.o(i.__0printf$6) refers to reprintf.o(.text) for fputc
    printf6.o(i.__0printf$6) refers to stdout.o(.data) for __stdout
    printf6.o(i.__0snprintf$6) refers to printf6.o(i._printf_core) for _printf_core
    printf6.o(i.__0snprintf$6) refers to printf6.o(i._snputc) for _snputc
    printf6.o(i.__0sprintf$6) refers to printf6.o(i._printf_core) for _printf_core
    printf6.o(i.__0sprintf$6) refers to printf6.o(i._sputc) for _sputc
    printf6.o(i.__0vfprintf$6) refers to printf6.o(i._printf_core) for _printf_core
    printf6.o(i.__0vfprintf$6) refers to reprintf.o(.text) for fputc
    printf6.o(i.__0vprintf$6) refers to printf6.o(i._printf_core) for _printf_core
    printf6.o(i.__0vprintf$6) refers to reprintf.o(.text) for fputc
    printf6.o(i.__0vprintf$6) refers to stdout.o(.data) for __stdout
    printf6.o(i.__0vsnprintf$6) refers to printf6.o(i._printf_core) for _printf_core
    printf6.o(i.__0vsnprintf$6) refers to printf6.o(i._snputc) for _snputc
    printf6.o(i.__0vsprintf$6) refers to printf6.o(i._printf_core) for _printf_core
    printf6.o(i.__0vsprintf$6) refers to printf6.o(i._sputc) for _sputc
    printf6.o(i._printf_core) refers to printf6.o(i._printf_pre_padding) for _printf_pre_padding
    printf6.o(i._printf_core) refers to uidiv.o(.text) for __aeabi_uidivmod
    printf6.o(i._printf_core) refers to printf6.o(i._printf_post_padding) for _printf_post_padding
    printf7.o(i.__0fprintf$7) refers to printf7.o(i._printf_core) for _printf_core
    printf7.o(i.__0fprintf$7) refers to reprintf.o(.text) for fputc
    printf7.o(i.__0printf$7) refers to printf7.o(i._printf_core) for _printf_core
    printf7.o(i.__0printf$7) refers to reprintf.o(.text) for fputc
    printf7.o(i.__0printf$7) refers to stdout.o(.data) for __stdout
    printf7.o(i.__0snprintf$7) refers to printf7.o(i._printf_core) for _printf_core
    printf7.o(i.__0snprintf$7) refers to printf7.o(i._snputc) for _snputc
    printf7.o(i.__0sprintf$7) refers to printf7.o(i._printf_core) for _printf_core
    printf7.o(i.__0sprintf$7) refers to printf7.o(i._sputc) for _sputc
    printf7.o(i.__0vfprintf$7) refers to printf7.o(i._printf_core) for _printf_core
    printf7.o(i.__0vfprintf$7) refers to reprintf.o(.text) for fputc
    printf7.o(i.__0vprintf$7) refers to printf7.o(i._printf_core) for _printf_core
    printf7.o(i.__0vprintf$7) refers to reprintf.o(.text) for fputc
    printf7.o(i.__0vprintf$7) refers to stdout.o(.data) for __stdout
    printf7.o(i.__0vsnprintf$7) refers to printf7.o(i._printf_core) for _printf_core
    printf7.o(i.__0vsnprintf$7) refers to printf7.o(i._snputc) for _snputc
    printf7.o(i.__0vsprintf$7) refers to printf7.o(i._printf_core) for _printf_core
    printf7.o(i.__0vsprintf$7) refers to printf7.o(i._sputc) for _sputc
    printf7.o(i._printf_core) refers to printf7.o(i._printf_pre_padding) for _printf_pre_padding
    printf7.o(i._printf_core) refers to uldiv.o(.text) for __aeabi_uldivmod
    printf7.o(i._printf_core) refers to printf7.o(i._printf_post_padding) for _printf_post_padding
    printf8.o(i.__0fprintf$8) refers to printf8.o(i._printf_core) for _printf_core
    printf8.o(i.__0fprintf$8) refers to reprintf.o(.text) for fputc
    printf8.o(i.__0printf$8) refers to printf8.o(i._printf_core) for _printf_core
    printf8.o(i.__0printf$8) refers to reprintf.o(.text) for fputc
    printf8.o(i.__0printf$8) refers to stdout.o(.data) for __stdout
    printf8.o(i.__0snprintf$8) refers to printf8.o(i._printf_core) for _printf_core
    printf8.o(i.__0snprintf$8) refers to printf8.o(i._snputc) for _snputc
    printf8.o(i.__0sprintf$8) refers to printf8.o(i._printf_core) for _printf_core
    printf8.o(i.__0sprintf$8) refers to printf8.o(i._sputc) for _sputc
    printf8.o(i.__0vfprintf$8) refers to printf8.o(i._printf_core) for _printf_core
    printf8.o(i.__0vfprintf$8) refers to reprintf.o(.text) for fputc
    printf8.o(i.__0vprintf$8) refers to printf8.o(i._printf_core) for _printf_core
    printf8.o(i.__0vprintf$8) refers to reprintf.o(.text) for fputc
    printf8.o(i.__0vprintf$8) refers to stdout.o(.data) for __stdout
    printf8.o(i.__0vsnprintf$8) refers to printf8.o(i._printf_core) for _printf_core
    printf8.o(i.__0vsnprintf$8) refers to printf8.o(i._snputc) for _snputc
    printf8.o(i.__0vsprintf$8) refers to printf8.o(i._printf_core) for _printf_core
    printf8.o(i.__0vsprintf$8) refers to printf8.o(i._sputc) for _sputc
    printf8.o(i._printf_core) refers to printf8.o(i._printf_pre_padding) for _printf_pre_padding
    printf8.o(i._printf_core) refers to uldiv.o(.text) for __aeabi_uldivmod
    printf8.o(i._printf_core) refers to printf8.o(i._printf_post_padding) for _printf_post_padding
    printfa.o(i.__0fprintf) refers (Special) to iusefp.o(.text) for __I$use$fp
    printfa.o(i.__0fprintf) refers to printfa.o(i._printf_core) for _printf_core
    printfa.o(i.__0fprintf) refers to reprintf.o(.text) for fputc
    printfa.o(i.__0printf) refers (Special) to iusefp.o(.text) for __I$use$fp
    printfa.o(i.__0printf) refers to printfa.o(i._printf_core) for _printf_core
    printfa.o(i.__0printf) refers to reprintf.o(.text) for fputc
    printfa.o(i.__0printf) refers to stdout.o(.data) for __stdout
    printfa.o(i.__0snprintf) refers (Special) to iusefp.o(.text) for __I$use$fp
    printfa.o(i.__0snprintf) refers to printfa.o(i._printf_core) for _printf_core
    printfa.o(i.__0snprintf) refers to printfa.o(i._snputc) for _snputc
    printfa.o(i.__0sprintf) refers (Special) to iusefp.o(.text) for __I$use$fp
    printfa.o(i.__0sprintf) refers to printfa.o(i._printf_core) for _printf_core
    printfa.o(i.__0sprintf) refers to printfa.o(i._sputc) for _sputc
    printfa.o(i.__0vfprintf) refers (Special) to iusefp.o(.text) for __I$use$fp
    printfa.o(i.__0vfprintf) refers to printfa.o(i._printf_core) for _printf_core
    printfa.o(i.__0vfprintf) refers to reprintf.o(.text) for fputc
    printfa.o(i.__0vprintf) refers (Special) to iusefp.o(.text) for __I$use$fp
    printfa.o(i.__0vprintf) refers to printfa.o(i._printf_core) for _printf_core
    printfa.o(i.__0vprintf) refers to reprintf.o(.text) for fputc
    printfa.o(i.__0vprintf) refers to stdout.o(.data) for __stdout
    printfa.o(i.__0vsnprintf) refers (Special) to iusefp.o(.text) for __I$use$fp
    printfa.o(i.__0vsnprintf) refers to printfa.o(i._printf_core) for _printf_core
    printfa.o(i.__0vsnprintf) refers to printfa.o(i._snputc) for _snputc
    printfa.o(i.__0vsprintf) refers (Special) to iusefp.o(.text) for __I$use$fp
    printfa.o(i.__0vsprintf) refers to printfa.o(i._printf_core) for _printf_core
    printfa.o(i.__0vsprintf) refers to printfa.o(i._sputc) for _sputc
    printfa.o(i._fp_digits) refers (Special) to iusefp.o(.text) for __I$use$fp
    printfa.o(i._fp_digits) refers to dmul.o(.text) for __aeabi_dmul
    printfa.o(i._fp_digits) refers to ddiv.o(.text) for __aeabi_ddiv
    printfa.o(i._fp_digits) refers to cdrcmple.o(.text) for __aeabi_cdrcmple
    printfa.o(i._fp_digits) refers to dadd.o(.text) for __aeabi_dadd
    printfa.o(i._fp_digits) refers to dfixul.o(.text) for __aeabi_d2ulz
    printfa.o(i._fp_digits) refers to uldiv.o(.text) for __aeabi_uldivmod
    printfa.o(i._printf_core) refers (Special) to iusefp.o(.text) for __I$use$fp
    printfa.o(i._printf_core) refers to printfa.o(i._printf_pre_padding) for _printf_pre_padding
    printfa.o(i._printf_core) refers to uldiv.o(.text) for __aeabi_uldivmod
    printfa.o(i._printf_core) refers to printfa.o(i._printf_post_padding) for _printf_post_padding
    printfa.o(i._printf_core) refers to printfa.o(i._fp_digits) for _fp_digits
    printfa.o(i._printf_core) refers to uidiv.o(.text) for __aeabi_uidivmod
    printfa.o(i._printf_post_padding) refers (Special) to iusefp.o(.text) for __I$use$fp
    printfa.o(i._printf_pre_padding) refers (Special) to iusefp.o(.text) for __I$use$fp
    printfa.o(i._snputc) refers (Special) to iusefp.o(.text) for __I$use$fp
    printfa.o(i._sputc) refers (Special) to iusefp.o(.text) for __I$use$fp
    entry2.o(.ARM.Collect$$$$00000001) refers to entry2.o(.ARM.Collect$$$$00002712) for __lit__00000000
    entry2.o(.ARM.Collect$$$$00002712) refers to startup_stm32f10x_hd.o(STACK) for __initial_sp
    entry2.o(__vectab_stack_and_reset_area) refers to startup_stm32f10x_hd.o(STACK) for __initial_sp
    entry2.o(__vectab_stack_and_reset_area) refers to entry.o(.ARM.Collect$$$$00000000) for __main
    entry5.o(.ARM.Collect$$$$00000004) refers to init.o(.text) for __scatterload
    entry7.o(.ARM.Collect$$$$00000007) refers to main.o(.text) for main
    uldiv.o(.text) refers to llushr.o(.text) for __aeabi_llsr
    uldiv.o(.text) refers to llshl.o(.text) for __aeabi_llsl
    dadd.o(.text) refers to llushr.o(.text) for __aeabi_llsr
    dadd.o(.text) refers to llshl.o(.text) for __aeabi_llsl
    dadd.o(.text) refers to depilogue.o(.text) for _double_epilogue
    dmul.o(.text) refers to depilogue.o(.text) for _double_epilogue
    ddiv.o(.text) refers to depilogue.o(.text) for _double_epilogue
    dfixul.o(.text) refers to llushr.o(.text) for __aeabi_llsr
    dfixul.o(.text) refers to llshl.o(.text) for __aeabi_llsl
    init.o(.text) refers to entry5.o(.ARM.Collect$$$$00000004) for __main_after_scatterload


==============================================================================

Removing Unused input sections from the image.

    Removing lcd.o(.text), (52 bytes).
    Removing lcd.o(.text), (52 bytes).
    Removing lcd.o(.text), (16 bytes).
    Removing lcd.o(.text), (36 bytes).
    Removing stm32f10x_it.o(.text), (2 bytes).
    Removing stm32f10x_it.o(.text), (2 bytes).
    Removing stm32f10x_it.o(.text), (2 bytes).
    Removing stm32f10x_it.o(.text), (2 bytes).
    Removing misc.o(.text), (20 bytes).
    Removing misc.o(.text), (116 bytes).
    Removing misc.o(.text), (20 bytes).
    Removing misc.o(.text), (40 bytes).
    Removing misc.o(.text), (40 bytes).
    Removing stm32f10x_gpio.o(.text), (200 bytes).
    Removing stm32f10x_gpio.o(.text), (20 bytes).
    Removing stm32f10x_gpio.o(.text), (16 bytes).
    Removing stm32f10x_gpio.o(.text), (18 bytes).
    Removing stm32f10x_gpio.o(.text), (18 bytes).
    Removing stm32f10x_gpio.o(.text), (10 bytes).
    Removing stm32f10x_gpio.o(.text), (18 bytes).
    Removing stm32f10x_gpio.o(.text), (28 bytes).
    Removing stm32f10x_gpio.o(.text), (12 bytes).
    Removing stm32f10x_gpio.o(.text), (108 bytes).
    Removing stm32f10x_gpio.o(.text), (60 bytes).
    Removing stm32f10x_gpio.o(.text), (12 bytes).
    Removing stm32f10x_rcc.o(.text), (76 bytes).
    Removing stm32f10x_rcc.o(.text), (76 bytes).
    Removing stm32f10x_rcc.o(.text), (60 bytes).
    Removing stm32f10x_rcc.o(.text), (48 bytes).
    Removing stm32f10x_rcc.o(.text), (24 bytes).
    Removing stm32f10x_rcc.o(.text), (12 bytes).
    Removing stm32f10x_rcc.o(.text), (28 bytes).
    Removing stm32f10x_rcc.o(.text), (12 bytes).
    Removing stm32f10x_rcc.o(.text), (20 bytes).
    Removing stm32f10x_rcc.o(.text), (16 bytes).
    Removing stm32f10x_rcc.o(.text), (20 bytes).
    Removing stm32f10x_rcc.o(.text), (20 bytes).
    Removing stm32f10x_rcc.o(.text), (24 bytes).
    Removing stm32f10x_rcc.o(.text), (36 bytes).
    Removing stm32f10x_rcc.o(.text), (12 bytes).
    Removing stm32f10x_rcc.o(.text), (20 bytes).
    Removing stm32f10x_rcc.o(.text), (52 bytes).
    Removing stm32f10x_rcc.o(.text), (12 bytes).
    Removing stm32f10x_rcc.o(.text), (16 bytes).
    Removing stm32f10x_rcc.o(.text), (12 bytes).
    Removing stm32f10x_rcc.o(.text), (212 bytes).
    Removing stm32f10x_rcc.o(.text), (32 bytes).
    Removing stm32f10x_rcc.o(.text), (32 bytes).
    Removing stm32f10x_rcc.o(.text), (32 bytes).
    Removing stm32f10x_rcc.o(.text), (32 bytes).
    Removing stm32f10x_rcc.o(.text), (12 bytes).
    Removing stm32f10x_rcc.o(.text), (12 bytes).
    Removing stm32f10x_rcc.o(.text), (12 bytes).
    Removing stm32f10x_rcc.o(.text), (20 bytes).
    Removing stm32f10x_rcc.o(.text), (24 bytes).
    Removing stm32f10x_rcc.o(.text), (12 bytes).
    Removing stm32f10x_rcc.o(.data), (20 bytes).
    Removing core_cm3.o(.emb_text), (32 bytes).
    Removing system_stm32f10x.o(.text), (2 bytes).
    Removing system_stm32f10x.o(.data), (4 bytes).
    Removing startup_stm32f10x_hd.o(HEAP), (512 bytes).
    Removing dadd.o(.text), (414 bytes).
    Removing dmul.o(.text), (232 bytes).
    Removing ddiv.o(.text), (248 bytes).
    Removing dfixul.o(.text), (50 bytes).
    Removing cdrcmple.o(.text), (76 bytes).
    Removing depilogue.o(.text), (200 bytes).

67 unused section(s) (total 3738 bytes) removed from the image.

==============================================================================

Image Symbol Table

    Local Symbols

    Symbol Name                              Value     Ov Type        Size  Object(Section)

    ../../microlib/division.c                0x00000000   Number         0  uldiv.o ABSOLUTE
    ../../microlib/division.c                0x00000000   Number         0  uidiv.o ABSOLUTE
    ../../microlib/fpadd.c                   0x00000000   Number         0  dadd.o ABSOLUTE
    ../../microlib/fpdiv.c                   0x00000000   Number         0  ddiv.o ABSOLUTE
    ../../microlib/fpepilogue.c              0x00000000   Number         0  depilogue.o ABSOLUTE
    ../../microlib/fpfix.c                   0x00000000   Number         0  dfixul.o ABSOLUTE
    ../../microlib/fpmul.c                   0x00000000   Number         0  dmul.o ABSOLUTE
    ../../microlib/init/entry.s              0x00000000   Number         0  entry5.o ABSOLUTE
    ../../microlib/init/entry.s              0x00000000   Number         0  entry2.o ABSOLUTE
    ../../microlib/init/entry.s              0x00000000   Number         0  entry.o ABSOLUTE
    ../../microlib/init/entry.s              0x00000000   Number         0  entry7.o ABSOLUTE
    ../../microlib/longlong.c                0x00000000   Number         0  llshl.o ABSOLUTE
    ../../microlib/longlong.c                0x00000000   Number         0  llushr.o ABSOLUTE
    ../../microlib/printf/printf.c           0x00000000   Number         0  printfa.o ABSOLUTE
    ../../microlib/printf/printf.c           0x00000000   Number         0  printf8.o ABSOLUTE
    ../../microlib/printf/printf.c           0x00000000   Number         0  printf7.o ABSOLUTE
    ../../microlib/printf/printf.c           0x00000000   Number         0  printf3.o ABSOLUTE
    ../../microlib/printf/printf.c           0x00000000   Number         0  printfb.o ABSOLUTE
    ../../microlib/printf/printf.c           0x00000000   Number         0  printf6.o ABSOLUTE
    ../../microlib/printf/printf.c           0x00000000   Number         0  printf5.o ABSOLUTE
    ../../microlib/printf/printf.c           0x00000000   Number         0  printf4.o ABSOLUTE
    ../../microlib/printf/printf.c           0x00000000   Number         0  printf0.o ABSOLUTE
    ../../microlib/printf/printf.c           0x00000000   Number         0  printf1.o ABSOLUTE
    ../../microlib/printf/printf.c           0x00000000   Number         0  printf2.o ABSOLUTE
    ../../microlib/stdio/streams.c           0x00000000   Number         0  stdout.o ABSOLUTE
    ../../microlib/stubs.s                   0x00000000   Number         0  iusefp.o ABSOLUTE
    ..\..\..\..\Libraries\CMSIS\CM3\CoreSupport\core_cm3.c 0x00000000   Number         0  core_cm3.o ABSOLUTE
    ..\..\..\..\Libraries\CMSIS\CM3\DeviceSupport\ST\STM32F10x\startup\arm\startup_stm32f10x_hd.s 0x00000000   Number         0  startup_stm32f10x_hd.o ABSOLUTE
    ..\..\..\..\Libraries\CMSIS\CM3\DeviceSupport\ST\STM32F10x\system_stm32f10x.c 0x00000000   Number         0  system_stm32f10x.o ABSOLUTE
    ..\..\..\..\Libraries\STM32F10x_StdPeriph_Driver\src\misc.c 0x00000000   Number         0  misc.o ABSOLUTE
    ..\..\..\..\Libraries\STM32F10x_StdPeriph_Driver\src\stm32f10x_gpio.c 0x00000000   Number         0  stm32f10x_gpio.o ABSOLUTE
    ..\..\..\..\Libraries\STM32F10x_StdPeriph_Driver\src\stm32f10x_rcc.c 0x00000000   Number         0  stm32f10x_rcc.o ABSOLUTE
    ..\\..\\..\\..\\Libraries\\CMSIS\\CM3\\CoreSupport\\core_cm3.c 0x00000000   Number         0  core_cm3.o ABSOLUTE
    ..\lcd.c                                 0x00000000   Number         0  lcd.o ABSOLUTE
    ..\main.c                                0x00000000   Number         0  main.o ABSOLUTE
    ..\reprintf.c                            0x00000000   Number         0  reprintf.o ABSOLUTE
    ..\stm32f10x_it.c                        0x00000000   Number         0  stm32f10x_it.o ABSOLUTE
    cdrcmple.s                               0x00000000   Number         0  cdrcmple.o ABSOLUTE
    dc.s                                     0x00000000   Number         0  dc.o ABSOLUTE
    handlers.s                               0x00000000   Number         0  handlers.o ABSOLUTE
    init.s                                   0x00000000   Number         0  init.o ABSOLUTE
    RESET                                    0x08000000   Section      304  startup_stm32f10x_hd.o(RESET)
    .ARM.Collect$$$$00000000                 0x08000130   Section        0  entry.o(.ARM.Collect$$$$00000000)
    .ARM.Collect$$$$00000001                 0x08000130   Section        4  entry2.o(.ARM.Collect$$$$00000001)
    .ARM.Collect$$$$00000004                 0x08000134   Section        4  entry5.o(.ARM.Collect$$$$00000004)
    .ARM.Collect$$$$00000007                 0x08000138   Section        8  entry7.o(.ARM.Collect$$$$00000007)
    .ARM.Collect$$$$00002712                 0x08000140   Section        4  entry2.o(.ARM.Collect$$$$00002712)
    __lit__00000000                          0x08000140   Data           4  entry2.o(.ARM.Collect$$$$00002712)
    .text                                    0x08000144   Section      108  main.o(.text)
    .text                                    0x080001b0   Section      652  lcd.o(.text)
    delay                                    0x080001b1   Thumb Code    18  lcd.o(.text)
    .text                                    0x0800043c   Section       16  reprintf.o(.text)
    .text                                    0x0800044c   Section      124  stm32f10x_it.o(.text)
    .text                                    0x080004c8   Section      296  stm32f10x_gpio.o(.text)
    .text                                    0x080005f0   Section       32  stm32f10x_rcc.o(.text)
    .text                                    0x08000610   Section      292  system_stm32f10x.o(.text)
    SetSysClockTo72                          0x08000611   Thumb Code   198  system_stm32f10x.o(.text)
    SetSysClock                              0x080006d7   Thumb Code     8  system_stm32f10x.o(.text)
    .text                                    0x08000734   Section       36  startup_stm32f10x_hd.o(.text)
    .text                                    0x08000758   Section       36  init.o(.text)
    i.__0printf$bare                         0x0800077c   Section       16  printfb.o(i.__0printf$bare)
    i.__scatterload_copy                     0x0800078c   Section       14  handlers.o(i.__scatterload_copy)
    i.__scatterload_null                     0x0800079a   Section        2  handlers.o(i.__scatterload_null)
    i.__scatterload_zeroinit                 0x0800079c   Section       14  handlers.o(i.__scatterload_zeroinit)
    i._printf_core                           0x080007aa   Section       34  printfb.o(i._printf_core)
    _printf_core                             0x080007ab   Thumb Code    34  printfb.o(i._printf_core)
    .data                                    0x20000000   Section        4  stdout.o(.data)
    STACK                                    0x20000008   Section     1024  startup_stm32f10x_hd.o(STACK)

    Global Symbols

    Symbol Name                              Value     Ov Type        Size  Object(Section)

    BuildAttributes$$THM_ISAv4$P$D$K$B$S$PE$A:L22UL41UL21$X:L11$S22US41US21$IEEE1$IW$USESV6$~STKCKD$USESV7$~SHL$OSPACE$ROPI$EBA8$MICROLIB$REQ8$PRES8$EABIv2 0x00000000   Number         0  anon$$obj.o ABSOLUTE
    __ARM_use_no_argv                        0x00000000   Number         0  main.o ABSOLUTE
    __decompress                              - Undefined Weak Reference
    __Vectors_Size                           0x00000130   Number         0  startup_stm32f10x_hd.o ABSOLUTE
    __Vectors                                0x08000000   Data           4  startup_stm32f10x_hd.o(RESET)
    __Vectors_End                            0x08000130   Data           0  startup_stm32f10x_hd.o(RESET)
    __main                                   0x08000131   Thumb Code     0  entry.o(.ARM.Collect$$$$00000000)
    _main_stk                                0x08000131   Thumb Code     0  entry2.o(.ARM.Collect$$$$00000001)
    _main_scatterload                        0x08000135   Thumb Code     0  entry5.o(.ARM.Collect$$$$00000004)
    __main_after_scatterload                 0x08000139   Thumb Code     0  entry5.o(.ARM.Collect$$$$00000004)
    _main_init                               0x08000139   Thumb Code     0  entry7.o(.ARM.Collect$$$$00000007)
    RCC_Configuration                        0x08000145   Thumb Code     2  main.o(.text)
    Delay                                    0x08000147   Thumb Code    18  main.o(.text)
    main                                     0x08000159   Thumb Code    52  main.o(.text)
    lcd_data_line_write                      0x080001c3   Thumb Code   110  lcd.o(.text)
    lcd_data_line_conf                       0x08000231   Thumb Code    54  lcd.o(.text)
    lcd_data_line_read                       0x08000267   Thumb Code   106  lcd.o(.text)
    lcd_Init_HW                              0x080002d1   Thumb Code   118  lcd.o(.text)
    lcd_Busy_Wait                            0x08000347   Thumb Code    16  lcd.o(.text)
    lcd_Control_Write                        0x08000357   Thumb Code    48  lcd.o(.text)
    lcd_Data_Write                           0x08000387   Thumb Code    48  lcd.o(.text)
    lcd_Init                                 0x080003b7   Thumb Code    62  lcd.o(.text)
    lcd_Clear                                0x080003f5   Thumb Code    16  lcd.o(.text)
    lcd_GotoXY                               0x08000405   Thumb Code    48  lcd.o(.text)
    fputc                                    0x0800043d   Thumb Code    16  reprintf.o(.text)
    NMI_Handler                              0x0800044d   Thumb Code     2  stm32f10x_it.o(.text)
    HardFault_Handler                        0x0800044f   Thumb Code     4  stm32f10x_it.o(.text)
    MemManage_Handler                        0x08000453   Thumb Code     4  stm32f10x_it.o(.text)
    BusFault_Handler                         0x08000457   Thumb Code     4  stm32f10x_it.o(.text)
    UsageFault_Handler                       0x0800045b   Thumb Code     4  stm32f10x_it.o(.text)
    DebugMon_Handler                         0x0800045f   Thumb Code     2  stm32f10x_it.o(.text)
    SVC_Handler                              0x08000461   Thumb Code     2  stm32f10x_it.o(.text)
    PendSV_Handler                           0x08000463   Thumb Code     2  stm32f10x_it.o(.text)
    SysTick_Handler                          0x08000465   Thumb Code     2  stm32f10x_it.o(.text)
    WWDG_IRQHandler                          0x08000467   Thumb Code     2  stm32f10x_it.o(.text)
    PVD_IRQHandler                           0x08000469   Thumb Code     2  stm32f10x_it.o(.text)
    TAMPER_IRQHandler                        0x0800046b   Thumb Code     2  stm32f10x_it.o(.text)
    RTC_IRQHandler                           0x0800046d   Thumb Code     2  stm32f10x_it.o(.text)
    FLASH_IRQHandler                         0x0800046f   Thumb Code     2  stm32f10x_it.o(.text)
    RCC_IRQHandler                           0x08000471   Thumb Code     2  stm32f10x_it.o(.text)
    EXTI0_IRQHandler                         0x08000473   Thumb Code     2  stm32f10x_it.o(.text)
    EXTI1_IRQHandler                         0x08000475   Thumb Code     2  stm32f10x_it.o(.text)
    EXTI2_IRQHandler                         0x08000477   Thumb Code     2  stm32f10x_it.o(.text)
    EXTI3_IRQHandler                         0x08000479   Thumb Code     2  stm32f10x_it.o(.text)
    EXTI4_IRQHandler                         0x0800047b   Thumb Code     2  stm32f10x_it.o(.text)
    ADC1_2_IRQHandler                        0x0800047d   Thumb Code     2  stm32f10x_it.o(.text)
    EXTI9_5_IRQHandler                       0x0800047f   Thumb Code     2  stm32f10x_it.o(.text)
    TIM1_BRK_IRQHandler                      0x08000481   Thumb Code     2  stm32f10x_it.o(.text)
    TIM1_UP_IRQHandler                       0x08000483   Thumb Code     2  stm32f10x_it.o(.text)
    TIM1_TRG_COM_IRQHandler                  0x08000485   Thumb Code     2  stm32f10x_it.o(.text)
    TIM1_CC_IRQHandler                       0x08000487   Thumb Code     2  stm32f10x_it.o(.text)
    TIM2_IRQHandler                          0x08000489   Thumb Code     2  stm32f10x_it.o(.text)
    TIM3_IRQHandler                          0x0800048b   Thumb Code     2  stm32f10x_it.o(.text)
    TIM4_IRQHandler                          0x0800048d   Thumb Code     2  stm32f10x_it.o(.text)
    I2C1_EV_IRQHandler                       0x0800048f   Thumb Code     2  stm32f10x_it.o(.text)
    I2C1_ER_IRQHandler                       0x08000491   Thumb Code     2  stm32f10x_it.o(.text)
    I2C2_EV_IRQHandler                       0x08000493   Thumb Code     2  stm32f10x_it.o(.text)
    I2C2_ER_IRQHandler                       0x08000495   Thumb Code     2  stm32f10x_it.o(.text)
    SPI1_IRQHandler                          0x08000497   Thumb Code     2  stm32f10x_it.o(.text)
    SPI2_IRQHandler                          0x08000499   Thumb Code     2  stm32f10x_it.o(.text)
    USART1_IRQHandler                        0x0800049b   Thumb Code     2  stm32f10x_it.o(.text)
    USART2_IRQHandler                        0x0800049d   Thumb Code     2  stm32f10x_it.o(.text)
    USART3_IRQHandler                        0x0800049f   Thumb Code     2  stm32f10x_it.o(.text)
    EXTI15_10_IRQHandler                     0x080004a1   Thumb Code     2  stm32f10x_it.o(.text)
    RTCAlarm_IRQHandler                      0x080004a3   Thumb Code     2  stm32f10x_it.o(.text)
    USBWakeUp_IRQHandler                     0x080004a5   Thumb Code     2  stm32f10x_it.o(.text)
    TIM8_BRK_IRQHandler                      0x080004a7   Thumb Code     2  stm32f10x_it.o(.text)
    TIM8_UP_IRQHandler                       0x080004a9   Thumb Code     2  stm32f10x_it.o(.text)
    TIM8_TRG_COM_IRQHandler                  0x080004ab   Thumb Code     2  stm32f10x_it.o(.text)
    TIM8_CC_IRQHandler                       0x080004ad   Thumb Code     2  stm32f10x_it.o(.text)
    ADC3_IRQHandler                          0x080004af   Thumb Code     2  stm32f10x_it.o(.text)
    FSMC_IRQHandler                          0x080004b1   Thumb Code     2  stm32f10x_it.o(.text)
    SDIO_IRQHandler                          0x080004b3   Thumb Code     2  stm32f10x_it.o(.text)
    TIM5_IRQHandler                          0x080004b5   Thumb Code     2  stm32f10x_it.o(.text)
    SPI3_IRQHandler                          0x080004b7   Thumb Code     2  stm32f10x_it.o(.text)
    UART4_IRQHandler                         0x080004b9   Thumb Code     2  stm32f10x_it.o(.text)
    UART5_IRQHandler                         0x080004bb   Thumb Code     2  stm32f10x_it.o(.text)
    TIM6_IRQHandler                          0x080004bd   Thumb Code     2  stm32f10x_it.o(.text)
    TIM7_IRQHandler                          0x080004bf   Thumb Code     2  stm32f10x_it.o(.text)
    DMA2_Channel1_IRQHandler                 0x080004c1   Thumb Code     2  stm32f10x_it.o(.text)
    DMA2_Channel2_IRQHandler                 0x080004c3   Thumb Code     2  stm32f10x_it.o(.text)
    DMA2_Channel3_IRQHandler                 0x080004c5   Thumb Code     2  stm32f10x_it.o(.text)
    DMA2_Channel4_5_IRQHandler               0x080004c7   Thumb Code     2  stm32f10x_it.o(.text)
    GPIO_Init                                0x080004c9   Thumb Code   268  stm32f10x_gpio.o(.text)
    GPIO_ReadInputData                       0x080005d5   Thumb Code     8  stm32f10x_gpio.o(.text)
    GPIO_ReadOutputData                      0x080005dd   Thumb Code     8  stm32f10x_gpio.o(.text)
    GPIO_SetBits                             0x080005e5   Thumb Code     4  stm32f10x_gpio.o(.text)
    GPIO_ResetBits                           0x080005e9   Thumb Code     4  stm32f10x_gpio.o(.text)
    GPIO_Write                               0x080005ed   Thumb Code     4  stm32f10x_gpio.o(.text)
    RCC_APB2PeriphClockCmd                   0x080005f1   Thumb Code    26  stm32f10x_rcc.o(.text)
    SystemInit                               0x080006df   Thumb Code    70  system_stm32f10x.o(.text)
    Reset_Handler                            0x08000735   Thumb Code     8  startup_stm32f10x_hd.o(.text)
    CAN1_RX1_IRQHandler                      0x0800074f   Thumb Code     0  startup_stm32f10x_hd.o(.text)
    CAN1_SCE_IRQHandler                      0x0800074f   Thumb Code     0  startup_stm32f10x_hd.o(.text)
    DMA1_Channel1_IRQHandler                 0x0800074f   Thumb Code     0  startup_stm32f10x_hd.o(.text)
    DMA1_Channel2_IRQHandler                 0x0800074f   Thumb Code     0  startup_stm32f10x_hd.o(.text)
    DMA1_Channel3_IRQHandler                 0x0800074f   Thumb Code     0  startup_stm32f10x_hd.o(.text)
    DMA1_Channel4_IRQHandler                 0x0800074f   Thumb Code     0  startup_stm32f10x_hd.o(.text)
    DMA1_Channel5_IRQHandler                 0x0800074f   Thumb Code     0  startup_stm32f10x_hd.o(.text)
    DMA1_Channel6_IRQHandler                 0x0800074f   Thumb Code     0  startup_stm32f10x_hd.o(.text)
    DMA1_Channel7_IRQHandler                 0x0800074f   Thumb Code     0  startup_stm32f10x_hd.o(.text)
    USB_HP_CAN1_TX_IRQHandler                0x0800074f   Thumb Code     0  startup_stm32f10x_hd.o(.text)
    USB_LP_CAN1_RX0_IRQHandler               0x0800074f   Thumb Code     0  startup_stm32f10x_hd.o(.text)
    __scatterload                            0x08000759   Thumb Code    28  init.o(.text)
    __scatterload_rt2                        0x08000759   Thumb Code     0  init.o(.text)
    __0printf$bare                           0x0800077d   Thumb Code     8  printfb.o(i.__0printf$bare)
    __1printf$bare                           0x0800077d   Thumb Code     0  printfb.o(i.__0printf$bare)
    __2printf                                0x0800077d   Thumb Code     0  printfb.o(i.__0printf$bare)
    __scatterload_copy                       0x0800078d   Thumb Code    14  handlers.o(i.__scatterload_copy)
    __scatterload_null                       0x0800079b   Thumb Code     2  handlers.o(i.__scatterload_null)
    __scatterload_zeroinit                   0x0800079d   Thumb Code    14  handlers.o(i.__scatterload_zeroinit)
    Region$$Table$$Base                      0x080007cc   Number         0  anon$$obj.o(Region$$Table)
    Region$$Table$$Limit                     0x080007ec   Number         0  anon$$obj.o(Region$$Table)
    __stdout                                 0x20000000   Data           4  stdout.o(.data)
    __initial_sp                             0x20000408   Data           0  startup_stm32f10x_hd.o(STACK)



==============================================================================

Memory Map of the image

  Image Entry point : 0x08000131

  Load Region LR_IROM1 (Base: 0x08000000, Size: 0x000007f0, Max: 0x00040000, ABSOLUTE)

    Execution Region ER_IROM1 (Base: 0x08000000, Size: 0x000007ec, Max: 0x00040000, ABSOLUTE)

    Base Addr    Size         Type   Attr      Idx    E Section Name        Object

    0x08000000   0x00000130   Data   RO          532    RESET               startup_stm32f10x_hd.o
    0x08000130   0x00000000   Code   RO          537  * .ARM.Collect$$$$00000000  entry.o(mc_w.l)
    0x08000130   0x00000004   Code   RO          800    .ARM.Collect$$$$00000001  entry2.o(mc_w.l)
    0x08000134   0x00000004   Code   RO          803    .ARM.Collect$$$$00000004  entry5.o(mc_w.l)
    0x08000138   0x00000008   Code   RO          804    .ARM.Collect$$$$00000007  entry7.o(mc_w.l)
    0x08000140   0x00000004   Code   RO          801    .ARM.Collect$$$$00002712  entry2.o(mc_w.l)
    0x08000144   0x0000006c   Code   RO            1    .text               main.o
    0x080001b0   0x0000028c   Code   RO           54    .text               lcd.o
    0x0800043c   0x00000010   Code   RO           90    .text               reprintf.o
    0x0800044c   0x0000007c   Code   RO          105    .text               stm32f10x_it.o
    0x080004c8   0x00000128   Code   RO          201    .text               stm32f10x_gpio.o
    0x080005f0   0x00000020   Code   RO          311    .text               stm32f10x_rcc.o
    0x08000610   0x00000124   Code   RO          503    .text               system_stm32f10x.o
    0x08000734   0x00000024   Code   RO          533    .text               startup_stm32f10x_hd.o
    0x08000758   0x00000024   Code   RO          821    .text               init.o(mc_w.l)
    0x0800077c   0x00000010   Code   RO          541    i.__0printf$bare    printfb.o(mc_w.l)
    0x0800078c   0x0000000e   Code   RO          831    i.__scatterload_copy  handlers.o(mc_w.l)
    0x0800079a   0x00000002   Code   RO          832    i.__scatterload_null  handlers.o(mc_w.l)
    0x0800079c   0x0000000e   Code   RO          833    i.__scatterload_zeroinit  handlers.o(mc_w.l)
    0x080007aa   0x00000022   Code   RO          548    i._printf_core      printfb.o(mc_w.l)
    0x080007cc   0x00000020   Data   RO          829    Region$$Table       anon$$obj.o


    Execution Region RW_IRAM1 (Base: 0x20000000, Size: 0x00000408, Max: 0x0000c000, ABSOLUTE)

    Base Addr    Size         Type   Attr      Idx    E Section Name        Object

    0x20000000   0x00000004   Data   RW          805    .data               stdout.o(mc_w.l)
    0x20000004   0x00000004   PAD
    0x20000008   0x00000400   Zero   RW          530    STACK               startup_stm32f10x_hd.o


==============================================================================

Image component sizes


      Code (inc. data)   RO Data    RW Data    ZI Data      Debug   Object Name

         0          0          0          0          0         20   core_cm3.o
       652          8          0          0          0       2453   lcd.o
       108         36          0          0          0     215863   main.o
         0          0          0          0          0     200328   misc.o
        16          0          0          0          0        580   reprintf.o
        36          8        304          0       1024        664   startup_stm32f10x_hd.o
       296          0          0          0          0      10618   stm32f10x_gpio.o
       124          0          0          0          0       6184   stm32f10x_it.o
        32          6          0          0          0        669   stm32f10x_rcc.o
       292         16          0          0          0       1517   system_stm32f10x.o

    ----------------------------------------------------------------------
      1556         74        336          0       1024     438896   Object Totals
         0          0         32          0          0          0   (incl. Generated)
         0          0          0          0          0          2   (incl. Padding)

    ----------------------------------------------------------------------

      Code (inc. data)   RO Data    RW Data    ZI Data      Debug   Library Member Name

         0          0          0          0          0          0   entry.o
         8          4          0          0          0          0   entry2.o
         4          0          0          0          0          0   entry5.o
         8          4          0          0          0          0   entry7.o
        30          0          0          0          0          0   handlers.o
        36          8          0          0          0         68   init.o
        50          8          0          0          0        152   printfb.o
         0          0          0          4          0          0   stdout.o

    ----------------------------------------------------------------------
       136         24          0          4          4        220   Library Totals
         0          0          0          0          4          0   (incl. Padding)

    ----------------------------------------------------------------------

      Code (inc. data)   RO Data    RW Data    ZI Data      Debug   Library Name

       136         24          0          4          0        220   mc_w.l

    ----------------------------------------------------------------------
       136         24          0          4          4        220   Library Totals

    ----------------------------------------------------------------------

==============================================================================


      Code (inc. data)   RO Data    RW Data    ZI Data      Debug   

      1692         98        336          4       1028     438668   Grand Totals
      1692         98        336          4       1028     438668   ELF Image Totals
      1692         98        336          4          0          0   ROM Totals

==============================================================================

    Total RO  Size (Code + RO Data)                 2028 (   1.98kB)
    Total RW  Size (RW Data + ZI Data)              1032 (   1.01kB)
    Total ROM Size (Code + RO Data + RW Data)       2032 (   1.98kB)

==============================================================================

