<html>
<body>
<pre>
<h1>µVision Build Log</h1>
<h2>Project:</h2>
D:\Work\TnTech\LED driver+RTC\V1.1\CPUSTM32_V1.1\rm\stm32vldiscovery_package\Project\Examples\Flash Program\MDK-ARM\Flash Program.uvproj
Project File Date:  11/08/2013

<h2>Output:</h2>
Rebuild target 'Flash Program'
compiling misc.c...
compiling stm32f10x_exti.c...
compiling stm32f10x_gpio.c...
compiling stm32f10x_rcc.c...
compiling stm32f10x_flash.c...
compiling system_stm32f10x.c...
compiling core_cm3.c...
assembling startup_stm32f10x_md_vl.s...
compiling main.c...
compiling stm32f10x_it.c...
linking...
Program Size: Code=764 RO-data=320 RW-data=20 ZI-data=1028  
FromELF: creating hex file...
".\Debug\Flash Program.axf" - 0 Errors, 0 Warning(s).
Clean started: Project: 'Flash Program'
   deleting intermediate output files for target 'Flash Program'
